Archive member included to satisfy reference by file (symbol)

/Applications/ArmGNUToolchain/12.3.rel1/arm-none-eabi/bin/../lib/gcc/arm-none-eabi/12.3.1/../../../../arm-none-eabi/lib/thumb/v7e-m+dp/hard/libc_nano.a(libc_a-exit.o)
                              /Applications/ArmGNUToolchain/12.3.rel1/arm-none-eabi/bin/../lib/gcc/arm-none-eabi/12.3.1/../../../../arm-none-eabi/lib/thumb/v7e-m+dp/hard/crt0.o (exit)
/Applications/ArmGNUToolchain/12.3.rel1/arm-none-eabi/bin/../lib/gcc/arm-none-eabi/12.3.1/../../../../arm-none-eabi/lib/thumb/v7e-m+dp/hard/libc_nano.a(libc_a-findfp.o)
                              /Applications/ArmGNUToolchain/12.3.rel1/arm-none-eabi/bin/../lib/gcc/arm-none-eabi/12.3.1/../../../../arm-none-eabi/lib/thumb/v7e-m+dp/hard/libc_nano.a(libc_a-exit.o) (__stdio_exit_handler)
/Applications/ArmGNUToolchain/12.3.rel1/arm-none-eabi/bin/../lib/gcc/arm-none-eabi/12.3.1/../../../../arm-none-eabi/lib/thumb/v7e-m+dp/hard/libc_nano.a(libc_a-fwalk.o)
                              /Applications/ArmGNUToolchain/12.3.rel1/arm-none-eabi/bin/../lib/gcc/arm-none-eabi/12.3.1/../../../../arm-none-eabi/lib/thumb/v7e-m+dp/hard/libc_nano.a(libc_a-findfp.o) (_fwalk_sglue)
/Applications/ArmGNUToolchain/12.3.rel1/arm-none-eabi/bin/../lib/gcc/arm-none-eabi/12.3.1/../../../../arm-none-eabi/lib/thumb/v7e-m+dp/hard/libc_nano.a(libc_a-memset.o)
                              /Applications/ArmGNUToolchain/12.3.rel1/arm-none-eabi/bin/../lib/gcc/arm-none-eabi/12.3.1/../../../../arm-none-eabi/lib/thumb/v7e-m+dp/hard/crt0.o (memset)
/Applications/ArmGNUToolchain/12.3.rel1/arm-none-eabi/bin/../lib/gcc/arm-none-eabi/12.3.1/../../../../arm-none-eabi/lib/thumb/v7e-m+dp/hard/libc_nano.a(libc_a-impure.o)
                              /Applications/ArmGNUToolchain/12.3.rel1/arm-none-eabi/bin/../lib/gcc/arm-none-eabi/12.3.1/../../../../arm-none-eabi/lib/thumb/v7e-m+dp/hard/libc_nano.a(libc_a-findfp.o) (_impure_data)
/Applications/ArmGNUToolchain/12.3.rel1/arm-none-eabi/bin/../lib/gcc/arm-none-eabi/12.3.1/../../../../arm-none-eabi/lib/thumb/v7e-m+dp/hard/libc_nano.a(libc_a-init.o)
                              /Applications/ArmGNUToolchain/12.3.rel1/arm-none-eabi/bin/../lib/gcc/arm-none-eabi/12.3.1/../../../../arm-none-eabi/lib/thumb/v7e-m+dp/hard/crt0.o (__libc_init_array)
/Applications/ArmGNUToolchain/12.3.rel1/arm-none-eabi/bin/../lib/gcc/arm-none-eabi/12.3.1/../../../../arm-none-eabi/lib/thumb/v7e-m+dp/hard/libc_nano.a(libc_a-lock.o)
                              /Applications/ArmGNUToolchain/12.3.rel1/arm-none-eabi/bin/../lib/gcc/arm-none-eabi/12.3.1/../../../../arm-none-eabi/lib/thumb/v7e-m+dp/hard/libc_nano.a(libc_a-findfp.o) (__retarget_lock_init_recursive)
/Applications/ArmGNUToolchain/12.3.rel1/arm-none-eabi/bin/../lib/gcc/arm-none-eabi/12.3.1/../../../../arm-none-eabi/lib/thumb/v7e-m+dp/hard/libc_nano.a(libc_a-mallocr.o)
                              /Applications/ArmGNUToolchain/12.3.rel1/arm-none-eabi/bin/../lib/gcc/arm-none-eabi/12.3.1/../../../../arm-none-eabi/lib/thumb/v7e-m+dp/hard/libc_nano.a(libc_a-findfp.o) (_malloc_r)
/Applications/ArmGNUToolchain/12.3.rel1/arm-none-eabi/bin/../lib/gcc/arm-none-eabi/12.3.1/../../../../arm-none-eabi/lib/thumb/v7e-m+dp/hard/libc_nano.a(libc_a-fflush.o)
                              /Applications/ArmGNUToolchain/12.3.rel1/arm-none-eabi/bin/../lib/gcc/arm-none-eabi/12.3.1/../../../../arm-none-eabi/lib/thumb/v7e-m+dp/hard/libc_nano.a(libc_a-findfp.o) (_fflush_r)
/Applications/ArmGNUToolchain/12.3.rel1/arm-none-eabi/bin/../lib/gcc/arm-none-eabi/12.3.1/../../../../arm-none-eabi/lib/thumb/v7e-m+dp/hard/libc_nano.a(libc_a-mlock.o)
                              /Applications/ArmGNUToolchain/12.3.rel1/arm-none-eabi/bin/../lib/gcc/arm-none-eabi/12.3.1/../../../../arm-none-eabi/lib/thumb/v7e-m+dp/hard/libc_nano.a(libc_a-mallocr.o) (__malloc_lock)
/Applications/ArmGNUToolchain/12.3.rel1/arm-none-eabi/bin/../lib/gcc/arm-none-eabi/12.3.1/../../../../arm-none-eabi/lib/thumb/v7e-m+dp/hard/libc_nano.a(libc_a-stdio.o)
                              /Applications/ArmGNUToolchain/12.3.rel1/arm-none-eabi/bin/../lib/gcc/arm-none-eabi/12.3.1/../../../../arm-none-eabi/lib/thumb/v7e-m+dp/hard/libc_nano.a(libc_a-findfp.o) (__sread)
/Applications/ArmGNUToolchain/12.3.rel1/arm-none-eabi/bin/../lib/gcc/arm-none-eabi/12.3.1/../../../../arm-none-eabi/lib/thumb/v7e-m+dp/hard/libc_nano.a(libc_a-closer.o)
                              /Applications/ArmGNUToolchain/12.3.rel1/arm-none-eabi/bin/../lib/gcc/arm-none-eabi/12.3.1/../../../../arm-none-eabi/lib/thumb/v7e-m+dp/hard/libc_nano.a(libc_a-stdio.o) (_close_r)
/Applications/ArmGNUToolchain/12.3.rel1/arm-none-eabi/bin/../lib/gcc/arm-none-eabi/12.3.1/../../../../arm-none-eabi/lib/thumb/v7e-m+dp/hard/libc_nano.a(libc_a-reent.o)
                              /Applications/ArmGNUToolchain/12.3.rel1/arm-none-eabi/bin/../lib/gcc/arm-none-eabi/12.3.1/../../../../arm-none-eabi/lib/thumb/v7e-m+dp/hard/libc_nano.a(libc_a-closer.o) (errno)
[...]
Memory Configuration

Name             Origin             Length             Attributes
FLASH            0x08000000         0x00100000         xr
RAM              0x20000000         0x00020000         xrw
ITCMRAM          0x00000000         0x00010000         xrw
*default*        0x00000000         0xffffffff

Linker script and memory map

LOAD /Applications/ArmGNUToolchain/12.3.rel1/arm-none-eabi/bin/../lib/gcc/arm-none-eabi/12.3.1/thumb/v7e-m+dp/hard/crti.o
LOAD /Applications/ArmGNUToolchain/12.3.rel1/arm-none-eabi/bin/../lib/gcc/arm-none-eabi/12.3.1/thumb/v7e-m+dp/hard/crtbegin.o
LOAD /Applications/ArmGNUToolchain/12.3.rel1/arm-none-eabi/bin/../lib/gcc/arm-none-eabi/12.3.1/../../../../arm-none-eabi/lib/thumb/v7e-m+dp/hard/crt0.o
LOAD build/main.o
LOAD build/NRF24L01.o
LOAD build/stm32h7xx_it.o
LOAD build/stm32h7xx_hal_msp.o
LOAD build/stm32h7xx_hal_cortex.o
LOAD build/stm32h7xx_hal_spi.o
LOAD build/stm32h7xx_hal_spi_ex.o
LOAD build/stm32h7xx_hal_rcc.o
LOAD build/stm32h7xx_hal_rcc_ex.o
LOAD build/stm32h7xx_hal_flash.o
LOAD build/stm32h7xx_hal_flash_ex.o
LOAD build/stm32h7xx_hal_gpio.o
LOAD build/stm32h7xx_hal_hsem.o
LOAD build/stm32h7xx_hal_dma.o
LOAD build/stm32h7xx_hal_dma_ex.o
LOAD build/stm32h7xx_hal_mdma.o
LOAD build/stm32h7xx_hal_pwr.o
LOAD build/stm32h7xx_hal_pwr_ex.o
LOAD build/stm32h7xx_hal.o
LOAD build/stm32h7xx_hal_i2c.o
LOAD build/stm32h7xx_hal_i2c_ex.o
LOAD build/stm32h7xx_hal_exti.o
LOAD build/stm32h7xx_hal_tim.o
LOAD build/stm32h7xx_hal_tim_ex.o
LOAD build/system_stm32h7xx_dualcore_boot_cm4_cm7.o
LOAD build/startup_stm32h755xx_CM7.o
LOAD /Applications/ArmGNUToolchain/12.3.rel1/arm-none-eabi/bin/../lib/gcc/arm-none-eabi/12.3.1/../../../../arm-none-eabi/lib/thumb/v7e-m+dp/hard/libc_nano.a
LOAD /Applications/ArmGNUToolchain/12.3.rel1/arm-none-eabi/bin/../lib/gcc/arm-none-eabi/12.3.1/../../../../arm-none-eabi/lib/thumb/v7e-m+dp/hard/libm.a
LOAD /Applications/ArmGNUToolchain/12.3.rel1/arm-none-eabi/bin/../lib/gcc/arm-none-eabi/12.3.1/../../../../arm-none-eabi/lib/thumb/v7e-m+dp/hard/libnosys.a
START GROUP
LOAD /Applications/ArmGNUToolchain/12.3.rel1/arm-none-eabi/bin/../lib/gcc/arm-none-eabi/12.3.1/thumb/v7e-m+dp/hard/libgcc.a
LOAD /Applications/ArmGNUToolchain/12.3.rel1/arm-none-eabi/bin/../lib/gcc/arm-none-eabi/12.3.1/../../../../arm-none-eabi/lib/thumb/v7e-m+dp/hard/libc_nano.a
END GROUP
START GROUP
LOAD /Applications/ArmGNUToolchain/12.3.rel1/arm-none-eabi/bin/../lib/gcc/arm-none-eabi/12.3.1/thumb/v7e-m+dp/hard/libgcc.a
LOAD /Applications/ArmGNUToolchain/12.3.rel1/arm-none-eabi/bin/../lib/gcc/arm-none-eabi/12.3.1/../../../../arm-none-eabi/lib/thumb/v7e-m+dp/hard/libc_nano.a
END GROUP
LOAD /Applications/ArmGNUToolchain/12.3.rel1/arm-none-eabi/bin/../lib/gcc/arm-none-eabi/12.3.1/thumb/v7e-m+dp/hard/crtend.o
LOAD /Applications/ArmGNUToolchain/12.3.rel1/arm-none-eabi/bin/../lib/gcc/arm-none-eabi/12.3.1/thumb/v7e-m+dp/hard/crtn.o
                0x20020000                        _estack = 0x20020000
                0x00000200                        _Min_Heap_Size = 0x200
                0x00000400                        _Min_Stack_Size = 0x400

.isr_vector     0x08000000      0x298
                0x08000000                        . = ALIGN (0x4)
 *(.isr_vector)
 .isr_vector    0x08000000      0x298 build/startup_stm32h755xx_CM7.o
                0x08000000                g_pfnVectors
                0x08000298                        . = ALIGN (0x4)

.text           0x08000298     0x2db4
                0x08000298                        . = ALIGN (0x4)
 *(.text)
 *(.text*)
 .text.deregister_tm_clones
                0x08000298       0x1c /Applications/ArmGNUToolchain/12.3.rel1/arm-none-eabi/bin/../lib/gcc/arm-none-eabi/12.3.1/thumb/v7e-m+dp/hard/crtbegin.o
 .text.register_tm_clones
                0x080002b4       0x24 /Applications/ArmGNUToolchain/12.3.rel1/arm-none-eabi/bin/../lib/gcc/arm-none-eabi/12.3.1/thumb/v7e-m+dp/hard/crtbegin.o
 .text.__do_global_dtors_aux
                0x080002d8       0x28 /Applications/ArmGNUToolchain/12.3.rel1/arm-none-eabi/bin/../lib/gcc/arm-none-eabi/12.3.1/thumb/v7e-m+dp/hard/crtbegin.o
 .text.frame_dummy
                0x08000300       0x24 /Applications/ArmGNUToolchain/12.3.rel1/arm-none-eabi/bin/../lib/gcc/arm-none-eabi/12.3.1/thumb/v7e-m+dp/hard/crtbegin.o
 .text.MX_GPIO_Init
                0x08000324      0x100 build/main.o
 .text.Error_Handler
                0x08000424       0x18 build/main.o
                0x08000424                Error_Handler
 .text.MX_SPI1_Init
                0x0800043c       0x44 build/main.o
 .text.SystemClock_Config
                0x08000480       0xbc build/main.o
                0x08000480                SystemClock_Config
 .text.main     0x0800053c       0xbc build/main.o
                0x0800053c                main
 .text.CS_Select
                0x080005f8       0x14 build/NRF24L01.o
                0x080005f8                CS_Select
 .text.CS_UnSelect
                0x0800060c       0x14 build/NRF24L01.o
                0x0800060c                CS_UnSelect
 .text.CE_Enable
                0x08000620       0x14 build/NRF24L01.o
                0x08000620                CE_Enable
 .text.CE_Disable
                0x08000634       0x14 build/NRF24L01.o
                0x08000634                CE_Disable
 .text.nrf24_WriteReg
                0x08000648       0x30 build/NRF24L01.o
                0x08000648                nrf24_WriteReg
 .text.nrf24_WriteRegMulti
                0x08000678       0x3c build/NRF24L01.o
                0x08000678                nrf24_WriteRegMulti
 .text.nrf24_ReadReg
                0x080006b4       0x40 build/NRF24L01.o
                0x080006b4                nrf24_ReadReg
 .text.nrfsendCmd
                0x080006f4       0x28 build/NRF24L01.o
                0x080006f4                nrfsendCmd
 .text.nrf24_reset
                0x0800071c      0x124 build/NRF24L01.o
                0x0800071c                nrf24_reset
 .text.NRF24_Init
                0x08000840       0x4a build/NRF24L01.o
                0x08000840                NRF24_Init
 .text.NRF24_TxMode
                0x0800088a       0x34 build/NRF24L01.o
                0x0800088a                NRF24_TxMode
 *fill*         0x080008be        0x2 
 .text.NRF24_Transmit
                0x080008c0       0x6c build/NRF24L01.o
                0x080008c0                NRF24_Transmit
 .text.NMI_Handler
                0x0800092c        0x2 build/stm32h7xx_it.o
                0x0800092c                NMI_Handler
 .text.HardFault_Handler
                0x0800092e        0x2 build/stm32h7xx_it.o
                0x0800092e                HardFault_Handler
 .text.MemManage_Handler
                0x08000930        0x2 build/stm32h7xx_it.o
                0x08000930                MemManage_Handler
 .text.BusFault_Handler
                0x08000932        0x2 build/stm32h7xx_it.o
                0x08000932                BusFault_Handler
 .text.UsageFault_Handler
                0x08000934        0x2 build/stm32h7xx_it.o
                0x08000934                UsageFault_Handler
 .text.SVC_Handler
                0x08000936        0x2 build/stm32h7xx_it.o
                0x08000936                SVC_Handler
 .text.DebugMon_Handler
                0x08000938        0x2 build/stm32h7xx_it.o
                0x08000938                DebugMon_Handler
 .text.PendSV_Handler
                0x0800093a        0x2 build/stm32h7xx_it.o
                0x0800093a                PendSV_Handler
 .text.SysTick_Handler
                0x0800093c        0x8 build/stm32h7xx_it.o
                0x0800093c                SysTick_Handler
 .text.HAL_MspInit
                0x08000944       0x24 build/stm32h7xx_hal_msp.o
                0x08000944                HAL_MspInit
 .text.HAL_SPI_MspInit
                0x08000968       0xcc build/stm32h7xx_hal_msp.o
                0x08000968                HAL_SPI_MspInit
 .text.__NVIC_SetPriority
                0x08000a34       0x24 build/stm32h7xx_hal_cortex.o
 .text.NVIC_EncodePriority
                0x08000a58       0x3e build/stm32h7xx_hal_cortex.o
 *fill*         0x08000a96        0x2 
 .text.HAL_NVIC_SetPriorityGrouping
                0x08000a98       0x24 build/stm32h7xx_hal_cortex.o
                0x08000a98                HAL_NVIC_SetPriorityGrouping
 .text.HAL_NVIC_SetPriority
                0x08000abc       0x20 build/stm32h7xx_hal_cortex.o
                0x08000abc                HAL_NVIC_SetPriority
 .text.HAL_SYSTICK_Config
                0x08000adc       0x28 build/stm32h7xx_hal_cortex.o
                0x08000adc                HAL_SYSTICK_Config
 .text.SPI_CloseTransfer
                0x08000b04       0xd0 build/stm32h7xx_hal_spi.o
 .text.SPI_GetPacketSize
                0x08000bd4       0x10 build/stm32h7xx_hal_spi.o
 .text.SPI_WaitOnFlagUntilTimeout
                0x08000be4       0x48 build/stm32h7xx_hal_spi.o
 .text.HAL_SPI_Init
                0x08000c2c      0x190 build/stm32h7xx_hal_spi.o
                0x08000c2c                HAL_SPI_Init
 .text.HAL_SPI_Transmit
                0x08000dbc      0x2d4 build/stm32h7xx_hal_spi.o
                0x08000dbc                HAL_SPI_Transmit
 .text.HAL_SPI_Receive
                0x08001090      0x22c build/stm32h7xx_hal_spi.o
                0x08001090                HAL_SPI_Receive
 .text.HAL_RCC_OscConfig
                0x080012bc      0x6b4 build/stm32h7xx_hal_rcc.o
                0x080012bc                HAL_RCC_OscConfig
 .text.HAL_RCC_GetSysClockFreq
                0x08001970      0x1f4 build/stm32h7xx_hal_rcc.o
                0x08001970                HAL_RCC_GetSysClockFreq
 .text.HAL_RCC_ClockConfig
                0x08001b64      0x294 build/stm32h7xx_hal_rcc.o
                0x08001b64                HAL_RCC_ClockConfig
 .text.RCCEx_PLL2_Config
                0x08001df8      0x10c build/stm32h7xx_hal_rcc_ex.o
 .text.RCCEx_PLL3_Config
                0x08001f04      0x10c build/stm32h7xx_hal_rcc_ex.o
 .text.HAL_RCCEx_PeriphCLKConfig
                0x08002010      0xa8c build/stm32h7xx_hal_rcc_ex.o
                0x08002010                HAL_RCCEx_PeriphCLKConfig
 .text.HAL_GPIO_Init
                0x08002a9c      0x220 build/stm32h7xx_hal_gpio.o
                0x08002a9c                HAL_GPIO_Init
 .text.HAL_GPIO_WritePin
                0x08002cbc        0xc build/stm32h7xx_hal_gpio.o
                0x08002cbc                HAL_GPIO_WritePin
 .text.HAL_GPIO_TogglePin
                0x08002cc8       0x12 build/stm32h7xx_hal_gpio.o
                0x08002cc8                HAL_GPIO_TogglePin
 *fill*         0x08002cda        0x2 
 .text.HAL_HSEM_FastTake
                0x08002cdc       0x20 build/stm32h7xx_hal_hsem.o
                0x08002cdc                HAL_HSEM_FastTake
 .text.HAL_HSEM_Release
                0x08002cfc       0x10 build/stm32h7xx_hal_hsem.o
                0x08002cfc                HAL_HSEM_Release
 .text.HAL_PWREx_ConfigSupply
                0x08002d0c       0x94 build/stm32h7xx_hal_pwr_ex.o
                0x08002d0c                HAL_PWREx_ConfigSupply
 .text.HAL_InitTick
                0x08002da0       0x50 build/stm32h7xx_hal.o
                0x08002da0                HAL_InitTick
 .text.HAL_Init
                0x08002df0       0x5c build/stm32h7xx_hal.o
                0x08002df0                HAL_Init
 .text.HAL_IncTick
                0x08002e4c       0x18 build/stm32h7xx_hal.o
                0x08002e4c                HAL_IncTick
 .text.HAL_GetTick
                0x08002e64        0xc build/stm32h7xx_hal.o
                0x08002e64                HAL_GetTick
 .text.HAL_Delay
                0x08002e70       0x28 build/stm32h7xx_hal.o
                0x08002e70                HAL_Delay
 .text.HAL_GetREVID
                0x08002e98        0xc build/stm32h7xx_hal.o
                0x08002e98                HAL_GetREVID
 .text.SystemInit
                0x08002ea4       0xe4 build/system_stm32h7xx_dualcore_boot_cm4_cm7.o
                0x08002ea4                SystemInit
 .text.Reset_Handler
                0x08002f88       0x50 build/startup_stm32h755xx_CM7.o
                0x08002f88                Reset_Handler
 .text.Default_Handler
                0x08002fd8        0x2 build/startup_stm32h755xx_CM7.o
                0x08002fd8                DMA1_Stream3_IRQHandler
                0x08002fd8                HASH_RNG_IRQHandler
                0x08002fd8                EXTI2_IRQHandler
                0x08002fd8                TIM8_CC_IRQHandler
                0x08002fd8                HRTIM1_Master_IRQHandler
                0x08002fd8                UART8_IRQHandler
                0x08002fd8                SPI4_IRQHandler
                0x08002fd8                TIM1_CC_IRQHandler
                0x08002fd8                BDMA_Channel6_IRQHandler
                0x08002fd8                DMA2_Stream5_IRQHandler
                0x08002fd8                HRTIM1_FLT_IRQHandler
                0x08002fd8                JPEG_IRQHandler
                0x08002fd8                DMA1_Stream5_IRQHandler
                0x08002fd8                BDMA_Channel1_IRQHandler
                0x08002fd8                HRTIM1_TIMD_IRQHandler
                0x08002fd8                TAMP_STAMP_IRQHandler
                0x08002fd8                EXTI3_IRQHandler
                0x08002fd8                LPTIM4_IRQHandler
                0x08002fd8                TIM8_TRG_COM_TIM14_IRQHandler
                0x08002fd8                LPTIM2_IRQHandler
                0x08002fd8                DFSDM1_FLT1_IRQHandler
                0x08002fd8                DMAMUX2_OVR_IRQHandler
                0x08002fd8                TIM8_UP_TIM13_IRQHandler
                0x08002fd8                I2C3_ER_IRQHandler
                0x08002fd8                DFSDM1_FLT2_IRQHandler
                0x08002fd8                MDMA_IRQHandler
                0x08002fd8                LPTIM3_IRQHandler
                0x08002fd8                HSEM1_IRQHandler
                0x08002fd8                EXTI0_IRQHandler
                0x08002fd8                I2C2_EV_IRQHandler
                0x08002fd8                DMA1_Stream2_IRQHandler
                0x08002fd8                FPU_IRQHandler
                0x08002fd8                OTG_HS_WKUP_IRQHandler
                0x08002fd8                FDCAN1_IT1_IRQHandler
                0x08002fd8                LTDC_ER_IRQHandler
                0x08002fd8                DMA2_Stream2_IRQHandler
                0x08002fd8                HRTIM1_TIME_IRQHandler
                0x08002fd8                SPI1_IRQHandler
                0x08002fd8                TIM6_DAC_IRQHandler
                0x08002fd8                DCMI_IRQHandler
                0x08002fd8                HRTIM1_TIMC_IRQHandler
                0x08002fd8                DMA2_Stream3_IRQHandler
                0x08002fd8                SAI2_IRQHandler
                0x08002fd8                DFSDM1_FLT3_IRQHandler
                0x08002fd8                USART6_IRQHandler
                0x08002fd8                TIM17_IRQHandler
                0x08002fd8                USART3_IRQHandler
                0x08002fd8                BDMA_Channel7_IRQHandler
                0x08002fd8                CRYP_IRQHandler
                0x08002fd8                LPTIM5_IRQHandler
                0x08002fd8                UART5_IRQHandler
                0x08002fd8                ADC3_IRQHandler
                0x08002fd8                DMA2_Stream0_IRQHandler
                0x08002fd8                TIM4_IRQHandler
                0x08002fd8                BDMA_Channel2_IRQHandler
                0x08002fd8                QUADSPI_IRQHandler
                0x08002fd8                I2C1_EV_IRQHandler
                0x08002fd8                DMA1_Stream6_IRQHandler
                0x08002fd8                DMAMUX1_OVR_IRQHandler
                0x08002fd8                DMA1_Stream1_IRQHandler
                0x08002fd8                TIM16_IRQHandler
                0x08002fd8                UART4_IRQHandler
                0x08002fd8                BDMA_Channel5_IRQHandler
                0x08002fd8                TIM3_IRQHandler
                0x08002fd8                RCC_IRQHandler
                0x08002fd8                TIM8_BRK_TIM12_IRQHandler
                0x08002fd8                TIM1_TRG_COM_IRQHandler
                0x08002fd8                Default_Handler
                0x08002fd8                ECC_IRQHandler
                0x08002fd8                CEC_IRQHandler
                0x08002fd8                EXTI15_10_IRQHandler
                0x08002fd8                BDMA_Channel0_IRQHandler
                0x08002fd8                ADC_IRQHandler
                0x08002fd8                DMA1_Stream7_IRQHandler
                0x08002fd8                HRTIM1_TIMA_IRQHandler
                0x08002fd8                SPI5_IRQHandler
                0x08002fd8                TIM7_IRQHandler
                0x08002fd8                SDMMC1_IRQHandler
                0x08002fd8                TIM5_IRQHandler
                0x08002fd8                DMA2_Stream7_IRQHandler
                0x08002fd8                TIM15_IRQHandler
                0x08002fd8                PVD_AVD_IRQHandler
                0x08002fd8                I2C3_EV_IRQHandler
                0x08002fd8                EXTI9_5_IRQHandler
                0x08002fd8                RTC_WKUP_IRQHandler
                0x08002fd8                LTDC_IRQHandler
                0x08002fd8                SAI3_IRQHandler
                0x08002fd8                ETH_WKUP_IRQHandler
                0x08002fd8                SPDIF_RX_IRQHandler
                0x08002fd8                SPI2_IRQHandler
                0x08002fd8                OTG_HS_EP1_IN_IRQHandler
                0x08002fd8                DMA1_Stream0_IRQHandler
                0x08002fd8                CRS_IRQHandler
                0x08002fd8                CM7_SEV_IRQHandler
                0x08002fd8                EXTI4_IRQHandler
                0x08002fd8                CM4_SEV_IRQHandler
                0x08002fd8                HRTIM1_TIMB_IRQHandler
                0x08002fd8                FDCAN2_IT1_IRQHandler
                0x08002fd8                ETH_IRQHandler
                0x08002fd8                TIM1_UP_IRQHandler
                0x08002fd8                WWDG_RST_IRQHandler
                0x08002fd8                BDMA_Channel4_IRQHandler
                0x08002fd8                OTG_HS_EP1_OUT_IRQHandler
                0x08002fd8                WWDG_IRQHandler
                0x08002fd8                SPI6_IRQHandler
                0x08002fd8                MDIOS_IRQHandler
                0x08002fd8                I2C4_EV_IRQHandler
                0x08002fd8                FDCAN2_IT0_IRQHandler
                0x08002fd8                LPUART1_IRQHandler
                0x08002fd8                FDCAN1_IT0_IRQHandler
                0x08002fd8                TIM2_IRQHandler
                0x08002fd8                OTG_FS_WKUP_IRQHandler
                0x08002fd8                OTG_HS_IRQHandler
                0x08002fd8                HSEM2_IRQHandler
                0x08002fd8                DMA2D_IRQHandler
                0x08002fd8                TIM1_BRK_IRQHandler
                0x08002fd8                EXTI1_IRQHandler
                0x08002fd8                SDMMC2_IRQHandler
                0x08002fd8                OTG_FS_EP1_OUT_IRQHandler
                0x08002fd8                BDMA_Channel3_IRQHandler
                0x08002fd8                HOLD_CORE_IRQHandler
                0x08002fd8                UART7_IRQHandler
                0x08002fd8                MDIOS_WKUP_IRQHandler
                0x08002fd8                USART2_IRQHandler
                0x08002fd8                DFSDM1_FLT0_IRQHandler
                0x08002fd8                SAI4_IRQHandler
                0x08002fd8                I2C2_ER_IRQHandler
                0x08002fd8                DMA2_Stream1_IRQHandler
                0x08002fd8                FLASH_IRQHandler
                0x08002fd8                DMA2_Stream4_IRQHandler
                0x08002fd8                USART1_IRQHandler
                0x08002fd8                OTG_FS_IRQHandler
                0x08002fd8                SPI3_IRQHandler
                0x08002fd8                WAKEUP_PIN_IRQHandler
                0x08002fd8                DMA1_Stream4_IRQHandler
                0x08002fd8                OTG_FS_EP1_IN_IRQHandler
                0x08002fd8                I2C1_ER_IRQHandler
                0x08002fd8                FMC_IRQHandler
                0x08002fd8                FDCAN_CAL_IRQHandler
                0x08002fd8                SWPMI1_IRQHandler
                0x08002fd8                COMP1_IRQHandler
                0x08002fd8                LPTIM1_IRQHandler
                0x08002fd8                I2C4_ER_IRQHandler
                0x08002fd8                DMA2_Stream6_IRQHandler
                0x08002fd8                SAI1_IRQHandler
                0x08002fd8                RTC_Alarm_IRQHandler
 .text.memset   0x08002fda       0x10 /Applications/ArmGNUToolchain/12.3.rel1/arm-none-eabi/bin/../lib/gcc/arm-none-eabi/12.3.1/../../../../arm-none-eabi/lib/thumb/v7e-m+dp/hard/libc_nano.a(libc_a-memset.o)
                0x08002fda                memset
 *fill*         0x08002fea        0x2 
 .text.__libc_init_array
                0x08002fec       0x48 /Applications/ArmGNUToolchain/12.3.rel1/arm-none-eabi/bin/../lib/gcc/arm-none-eabi/12.3.1/../../../../arm-none-eabi/lib/thumb/v7e-m+dp/hard/libc_nano.a(libc_a-init.o)
                0x08002fec                __libc_init_array
 *(.glue_7)
 .glue_7        0x08003034        0x0 linker stubs
 *(.glue_7t)
 .glue_7t       0x08003034        0x0 linker stubs
 *(.eh_frame)
 .eh_frame      0x08003034        0x0 /Applications/ArmGNUToolchain/12.3.rel1/arm-none-eabi/bin/../lib/gcc/arm-none-eabi/12.3.1/thumb/v7e-m+dp/hard/crtbegin.o
 *(.init)
 .init          0x08003034        0x4 /Applications/ArmGNUToolchain/12.3.rel1/arm-none-eabi/bin/../lib/gcc/arm-none-eabi/12.3.1/thumb/v7e-m+dp/hard/crti.o
                0x08003034                _init
 .init          0x08003038        0x8 /Applications/ArmGNUToolchain/12.3.rel1/arm-none-eabi/bin/../lib/gcc/arm-none-eabi/12.3.1/thumb/v7e-m+dp/hard/crtn.o
 *(.fini)
 .fini          0x08003040        0x4 /Applications/ArmGNUToolchain/12.3.rel1/arm-none-eabi/bin/../lib/gcc/arm-none-eabi/12.3.1/thumb/v7e-m+dp/hard/crti.o
                0x08003040                _fini
 .fini          0x08003044        0x8 /Applications/ArmGNUToolchain/12.3.rel1/arm-none-eabi/bin/../lib/gcc/arm-none-eabi/12.3.1/thumb/v7e-m+dp/hard/crtn.o
                0x0800304c                        . = ALIGN (0x4)
                0x0800304c                        _etext = .

.vfp11_veneer   0x0800304c        0x0
 .vfp11_veneer  0x0800304c        0x0 linker stubs

.v4_bx          0x0800304c        0x0
 .v4_bx         0x0800304c        0x0 linker stubs

.iplt           0x0800304c        0x0
 .iplt          0x0800304c        0x0 /Applications/ArmGNUToolchain/12.3.rel1/arm-none-eabi/bin/../lib/gcc/arm-none-eabi/12.3.1/thumb/v7e-m+dp/hard/crtbegin.o

.rodata         0x0800304c       0x20
                0x0800304c                        . = ALIGN (0x4)
 *(.rodata)
 *(.rodata*)
 .rodata.nrf24_reset.str1.4
                0x0800304c        0xe build/NRF24L01.o
 *fill*         0x0800305a        0x2 
 .rodata.D1CorePrescTable
                0x0800305c       0x10 build/system_stm32h7xx_dualcore_boot_cm4_cm7.o
                0x0800305c                D1CorePrescTable
                0x0800306c                        . = ALIGN (0x4)

.rel.dyn        0x0800306c        0x0
 .rel.iplt      0x0800306c        0x0 /Applications/ArmGNUToolchain/12.3.rel1/arm-none-eabi/bin/../lib/gcc/arm-none-eabi/12.3.1/thumb/v7e-m+dp/hard/crtbegin.o

.ARM.extab
 *(.ARM.extab* .gnu.linkonce.armextab.*)

.ARM            0x0800306c        0x0
                0x0800306c                        __exidx_start = .
 *(.ARM.exidx*)
                0x0800306c                        __exidx_end = .

.preinit_array  0x0800306c        0x0
                0x0800306c                        PROVIDE (__preinit_array_start = .)
 *(.preinit_array*)
                0x0800306c                        PROVIDE (__preinit_array_end = .)

.init_array     0x0800306c        0x4
                0x0800306c                        PROVIDE (__init_array_start = .)
 *(SORT_BY_NAME(.init_array.*))
 *(.init_array*)
 .init_array    0x0800306c        0x4 /Applications/ArmGNUToolchain/12.3.rel1/arm-none-eabi/bin/../lib/gcc/arm-none-eabi/12.3.1/thumb/v7e-m+dp/hard/crtbegin.o
                0x08003070                        PROVIDE (__init_array_end = .)

.fini_array     0x08003070        0x4
                [!provide]                        PROVIDE (__fini_array_start = .)
 *(SORT_BY_NAME(.fini_array.*))
 *(.fini_array*)
 .fini_array    0x08003070        0x4 /Applications/ArmGNUToolchain/12.3.rel1/arm-none-eabi/bin/../lib/gcc/arm-none-eabi/12.3.1/thumb/v7e-m+dp/hard/crtbegin.o
                [!provide]                        PROVIDE (__fini_array_end = .)
                0x08003074                        _sidata = LOADADDR (.data)

.data           0x20000000       0x24 load address 0x08003074
                0x20000000                        . = ALIGN (0x4)
                0x20000000                        _sdata = .
 *(.data)
 *(.data*)
 .data.TxData   0x20000000        0xd build/main.o
                0x20000000                TxData
 *fill*         0x2000000d        0x3 
 .data.TxAddress
                0x20000010        0x5 build/main.o
                0x20000010                TxAddress
 .data.uwTickFreq
                0x20000015        0x1 build/stm32h7xx_hal.o
                0x20000015                uwTickFreq
 *fill*         0x20000016        0x2 
 .data.uwTickPrio
                0x20000018        0x4 build/stm32h7xx_hal.o
                0x20000018                uwTickPrio
 .data.SystemD2Clock
                0x2000001c        0x4 build/system_stm32h7xx_dualcore_boot_cm4_cm7.o
                0x2000001c                SystemD2Clock
 .data.SystemCoreClock
                0x20000020        0x4 build/system_stm32h7xx_dualcore_boot_cm4_cm7.o
                0x20000020                SystemCoreClock
                0x20000024                        . = ALIGN (0x4)
                0x20000024                        _edata = .

.tm_clone_table
                0x20000024        0x0 load address 0x08003098
 .tm_clone_table
                0x20000024        0x0 /Applications/ArmGNUToolchain/12.3.rel1/arm-none-eabi/bin/../lib/gcc/arm-none-eabi/12.3.1/thumb/v7e-m+dp/hard/crtbegin.o
 .tm_clone_table
                0x20000024        0x0 /Applications/ArmGNUToolchain/12.3.rel1/arm-none-eabi/bin/../lib/gcc/arm-none-eabi/12.3.1/thumb/v7e-m+dp/hard/crtend.o

.igot.plt       0x20000024        0x0 load address 0x08003098
 .igot.plt      0x20000024        0x0 /Applications/ArmGNUToolchain/12.3.rel1/arm-none-eabi/bin/../lib/gcc/arm-none-eabi/12.3.1/thumb/v7e-m+dp/hard/crtbegin.o
                0x20000024                        . = ALIGN (0x4)

.bss            0x20000024       0xa8 load address 0x08003098
                0x20000024                        _sbss = .
                0x20000024                        __bss_start__ = _sbss
 *(.bss)
 *(.bss*)
 .bss.completed.1
                0x20000024        0x1 /Applications/ArmGNUToolchain/12.3.rel1/arm-none-eabi/bin/../lib/gcc/arm-none-eabi/12.3.1/thumb/v7e-m+dp/hard/crtbegin.o
 *fill*         0x20000025        0x3 
 .bss.object.0  0x20000028       0x18 /Applications/ArmGNUToolchain/12.3.rel1/arm-none-eabi/bin/../lib/gcc/arm-none-eabi/12.3.1/thumb/v7e-m+dp/hard/crtbegin.o
 .bss.hspi1     0x20000040       0x88 build/main.o
                0x20000040                hspi1
 .bss.uwTick    0x200000c8        0x4 build/stm32h7xx_hal.o
                0x200000c8                uwTick
 *(COMMON)
                0x200000cc                        . = ALIGN (0x4)
                0x200000cc                        _ebss = .
                0x200000cc                        __bss_end__ = _ebss

._user_heap_stack
                0x200000cc      0x604 load address 0x08003098
                0x200000d0                        . = ALIGN (0x8)
 *fill*         0x200000cc        0x4 
                0x200000d0                        PROVIDE (end = .)
                [!provide]                        PROVIDE (_end = .)
                0x200002d0                        . = (. + _Min_Heap_Size)
 *fill*         0x200000d0      0x200 
                0x200006d0                        . = (. + _Min_Stack_Size)
 *fill*         0x200002d0      0x400 
                0x200006d0                        . = ALIGN (0x8)

/DISCARD/
 libc.a(*)
 libm.a(*)
 libgcc.a(*)

.ARM.attributes
                0x00000000       0x2e
 *(.ARM.attributes)
 .ARM.attributes
                0x00000000       0x20 /Applications/ArmGNUToolchain/12.3.rel1/arm-none-eabi/bin/../lib/gcc/arm-none-eabi/12.3.1/thumb/v7e-m+dp/hard/crti.o
 .ARM.attributes
                0x00000020       0x32 /Applications/ArmGNUToolchain/12.3.rel1/arm-none-eabi/bin/../lib/gcc/arm-none-eabi/12.3.1/thumb/v7e-m+dp/hard/crtbegin.o
 .ARM.attributes
                0x00000052       0x32 build/main.o
 .ARM.attributes
                0x00000084       0x32 build/NRF24L01.o
 .ARM.attributes
                0x000000b6       0x32 build/stm32h7xx_it.o
 .ARM.attributes
                0x000000e8       0x32 build/stm32h7xx_hal_msp.o
 .ARM.attributes
                0x0000011a       0x32 build/stm32h7xx_hal_cortex.o
 .ARM.attributes
                0x0000014c       0x32 build/stm32h7xx_hal_spi.o
 .ARM.attributes
                0x0000017e       0x32 build/stm32h7xx_hal_rcc.o
 .ARM.attributes
                0x000001b0       0x32 build/stm32h7xx_hal_rcc_ex.o
 .ARM.attributes
                0x000001e2       0x32 build/stm32h7xx_hal_gpio.o
 .ARM.attributes
                0x00000214       0x32 build/stm32h7xx_hal_hsem.o
 .ARM.attributes
                0x00000246       0x32 build/stm32h7xx_hal_pwr_ex.o
 .ARM.attributes
                0x00000278       0x32 build/stm32h7xx_hal.o
 .ARM.attributes
                0x000002aa       0x32 build/system_stm32h7xx_dualcore_boot_cm4_cm7.o
 .ARM.attributes
                0x000002dc       0x21 build/startup_stm32h755xx_CM7.o
 .ARM.attributes
                0x000002fd       0x32 /Applications/ArmGNUToolchain/12.3.rel1/arm-none-eabi/bin/../lib/gcc/arm-none-eabi/12.3.1/../../../../arm-none-eabi/lib/thumb/v7e-m+dp/hard/libc_nano.a(libc_a-memset.o)
 .ARM.attributes
                0x0000032f       0x32 /Applications/ArmGNUToolchain/12.3.rel1/arm-none-eabi/bin/../lib/gcc/arm-none-eabi/12.3.1/../../../../arm-none-eabi/lib/thumb/v7e-m+dp/hard/libc_nano.a(libc_a-init.o)
 .ARM.attributes
                0x00000361       0x32 /Applications/ArmGNUToolchain/12.3.rel1/arm-none-eabi/bin/../lib/gcc/arm-none-eabi/12.3.1/thumb/v7e-m+dp/hard/crtend.o
 .ARM.attributes
                0x00000393       0x20 /Applications/ArmGNUToolchain/12.3.rel1/arm-none-eabi/bin/../lib/gcc/arm-none-eabi/12.3.1/thumb/v7e-m+dp/hard/crtn.o
OUTPUT(build/TEST_NRF24_CM7.elf elf32-littlearm)
LOAD linker stubs
LOAD /Applications/ArmGNUToolchain/12.3.rel1/arm-none-eabi/bin/../lib/gcc/arm-none-eabi/12.3.1/../../../../arm-none-eabi/lib/thumb/v7e-m+dp/hard/libc.a
LOAD /Applications/ArmGNUToolchain/12.3.rel1/arm-none-eabi/bin/../lib/gcc/arm-none-eabi/12.3.1/../../../../arm-none-eabi/lib/thumb/v7e-m+dp/hard/libm.a
LOAD /Applications/ArmGNUToolchain/12.3.rel1/arm-none-eabi/bin/../lib/gcc/arm-none-eabi/12.3.1/thumb/v7e-m+dp/hard/libgcc.a

.debug_info     0x00000000    0x10136
 .debug_info    0x00000000     0x195e build/main.o
 .debug_info    0x0000195e     0x17a1 build/NRF24L01.o
 .debug_info    0x000030ff      0x16d build/stm32h7xx_it.o
 .debug_info    0x0000326c     0x13b4 build/stm32h7xx_hal_msp.o
 .debug_info    0x00004620     0x150b build/stm32h7xx_hal_cortex.o
 .debug_info    0x00005b2b     0x1d54 build/stm32h7xx_hal_spi.o
 .debug_info    0x0000787f     0x1401 build/stm32h7xx_hal_rcc.o
 .debug_info    0x00008c80     0x1dfd build/stm32h7xx_hal_rcc_ex.o
 .debug_info    0x0000aa7d      0xfbd build/stm32h7xx_hal_gpio.o
 .debug_info    0x0000ba3a      0x46d build/stm32h7xx_hal_hsem.o
 .debug_info    0x0000bea7     0x16fb build/stm32h7xx_hal_pwr_ex.o
 .debug_info    0x0000d5a2     0x1bd2 build/stm32h7xx_hal.o
 .debug_info    0x0000f174      0xf92 build/system_stm32h7xx_dualcore_boot_cm4_cm7.o
 .debug_info    0x00010106       0x30 build/startup_stm32h755xx_CM7.o

.debug_abbrev   0x00000000     0x1f80
 .debug_abbrev  0x00000000      0x2f7 build/main.o
 .debug_abbrev  0x000002f7      0x2cb build/NRF24L01.o
 .debug_abbrev  0x000005c2       0x80 build/stm32h7xx_it.o
 .debug_abbrev  0x00000642      0x212 build/stm32h7xx_hal_msp.o
 .debug_abbrev  0x00000854      0x3e6 build/stm32h7xx_hal_cortex.o
 .debug_abbrev  0x00000c3a      0x309 build/stm32h7xx_hal_spi.o
 .debug_abbrev  0x00000f43      0x29b build/stm32h7xx_hal_rcc.o
 .debug_abbrev  0x000011de      0x285 build/stm32h7xx_hal_rcc_ex.o
 .debug_abbrev  0x00001463      0x253 build/stm32h7xx_hal_gpio.o
 .debug_abbrev  0x000016b6      0x1e3 build/stm32h7xx_hal_hsem.o
 .debug_abbrev  0x00001899      0x2ef build/stm32h7xx_hal_pwr_ex.o
 .debug_abbrev  0x00001b88      0x2b1 build/stm32h7xx_hal.o
 .debug_abbrev  0x00001e39      0x12a build/system_stm32h7xx_dualcore_boot_cm4_cm7.o
 .debug_abbrev  0x00001f63       0x1d build/startup_stm32h755xx_CM7.o

.debug_loc      0x00000000     0x71b1
 .debug_loc     0x00000000      0x194 build/main.o
 .debug_loc     0x00000194      0x6c9 build/NRF24L01.o
 .debug_loc     0x0000085d       0x20 build/stm32h7xx_it.o
 .debug_loc     0x0000087d      0x130 build/stm32h7xx_hal_msp.o
 .debug_loc     0x000009ad      0x7b9 build/stm32h7xx_hal_cortex.o
 .debug_loc     0x00001166     0x1eb1 build/stm32h7xx_hal_spi.o
 .debug_loc     0x00003017      0xadc build/stm32h7xx_hal_rcc.o
 .debug_loc     0x00003af3     0x2031 build/stm32h7xx_hal_rcc_ex.o
 .debug_loc     0x00005b24      0x482 build/stm32h7xx_hal_gpio.o
 .debug_loc     0x00005fa6      0x137 build/stm32h7xx_hal_hsem.o
 .debug_loc     0x000060dd      0x862 build/stm32h7xx_hal_pwr_ex.o
 .debug_loc     0x0000693f      0x680 build/stm32h7xx_hal.o
 .debug_loc     0x00006fbf      0x1f2 build/system_stm32h7xx_dualcore_boot_cm4_cm7.o

.debug_aranges  0x00000000      0xa10
 .debug_aranges
                0x00000000       0x40 build/main.o
 .debug_aranges
                0x00000040       0xa0 build/NRF24L01.o
 .debug_aranges
                0x000000e0       0x60 build/stm32h7xx_it.o
 .debug_aranges
                0x00000140       0x30 build/stm32h7xx_hal_msp.o
 .debug_aranges
                0x00000170       0xe8 build/stm32h7xx_hal_cortex.o
 .debug_aranges
                0x00000258      0x1a8 build/stm32h7xx_hal_spi.o
 .debug_aranges
                0x00000400       0x88 build/stm32h7xx_hal_rcc.o
 .debug_aranges
                0x00000488      0x100 build/stm32h7xx_hal_rcc_ex.o
 .debug_aranges
                0x00000588       0x58 build/stm32h7xx_hal_gpio.o
 .debug_aranges
                0x000005e0       0x70 build/stm32h7xx_hal_hsem.o
 .debug_aranges
                0x00000650      0x170 build/stm32h7xx_hal_pwr_ex.o
 .debug_aranges
                0x000007c0      0x200 build/stm32h7xx_hal.o
 .debug_aranges
                0x000009c0       0x28 build/system_stm32h7xx_dualcore_boot_cm4_cm7.o
 .debug_aranges
                0x000009e8       0x28 build/startup_stm32h755xx_CM7.o

.debug_ranges   0x00000000      0xa08
 .debug_ranges  0x00000000       0x30 build/main.o
 .debug_ranges  0x00000030       0x90 build/NRF24L01.o
 .debug_ranges  0x000000c0       0x50 build/stm32h7xx_it.o
 .debug_ranges  0x00000110       0x20 build/stm32h7xx_hal_msp.o
 .debug_ranges  0x00000130       0xd8 build/stm32h7xx_hal_cortex.o
 .debug_ranges  0x00000208      0x198 build/stm32h7xx_hal_spi.o
 .debug_ranges  0x000003a0       0xe8 build/stm32h7xx_hal_rcc.o
 .debug_ranges  0x00000488       0xf0 build/stm32h7xx_hal_rcc_ex.o
 .debug_ranges  0x00000578       0x48 build/stm32h7xx_hal_gpio.o
 .debug_ranges  0x000005c0       0x60 build/stm32h7xx_hal_hsem.o
 .debug_ranges  0x00000620      0x1c0 build/stm32h7xx_hal_pwr_ex.o
 .debug_ranges  0x000007e0      0x1f0 build/stm32h7xx_hal.o
 .debug_ranges  0x000009d0       0x18 build/system_stm32h7xx_dualcore_boot_cm4_cm7.o
 .debug_ranges  0x000009e8       0x20 build/startup_stm32h755xx_CM7.o

.debug_line     0x00000000     0x951d
 .debug_line    0x00000000      0x5ca build/main.o
 .debug_line    0x000005ca      0x582 build/NRF24L01.o
 .debug_line    0x00000b4c      0x187 build/stm32h7xx_it.o
 .debug_line    0x00000cd3      0x324 build/stm32h7xx_hal_msp.o
 .debug_line    0x00000ff7      0x862 build/stm32h7xx_hal_cortex.o
 .debug_line    0x00001859     0x2467 build/stm32h7xx_hal_spi.o
 .debug_line    0x00003cc0     0x12cd build/stm32h7xx_hal_rcc.o
 .debug_line    0x00004f8d     0x1fd4 build/stm32h7xx_hal_rcc_ex.o
 .debug_line    0x00006f61      0x6e3 build/stm32h7xx_hal_gpio.o
 .debug_line    0x00007644      0x32f build/stm32h7xx_hal_hsem.o
 .debug_line    0x00007973      0xc38 build/stm32h7xx_hal_pwr_ex.o
 .debug_line    0x000085ab      0xa6d build/stm32h7xx_hal.o
 .debug_line    0x00009018      0x48b build/system_stm32h7xx_dualcore_boot_cm4_cm7.o
 .debug_line    0x000094a3       0x7a build/startup_stm32h755xx_CM7.o

.debug_str      0x00000000     0x412f
 .debug_str     0x00000000      0xd55 build/main.o
                                0xe39 (size before relaxing)
 .debug_str     0x00000d55      0x167 build/NRF24L01.o
                                0xa0d (size before relaxing)
 .debug_str     0x00000ebc       0xbe build/stm32h7xx_it.o
                                0x24e (size before relaxing)
 .debug_str     0x00000f7a      0x3d4 build/stm32h7xx_hal_msp.o
                                0xe77 (size before relaxing)
 .debug_str     0x0000134e      0xe12 build/stm32h7xx_hal_cortex.o
                               0x10a4 (size before relaxing)
 .debug_str     0x00002160      0x555 build/stm32h7xx_hal_spi.o
                                0xdb1 (size before relaxing)
 .debug_str     0x000026b5      0x378 build/stm32h7xx_hal_rcc.o
                                0xa38 (size before relaxing)
 .debug_str     0x00002a2d      0x6b3 build/stm32h7xx_hal_rcc_ex.o
                                0xf97 (size before relaxing)
 .debug_str     0x000030e0       0xe1 build/stm32h7xx_hal_gpio.o
                                0x725 (size before relaxing)
 .debug_str     0x000031c1      0x189 build/stm32h7xx_hal_hsem.o
                                0x392 (size before relaxing)
 .debug_str     0x0000334a      0x59b build/stm32h7xx_hal_pwr_ex.o
                                0xb14 (size before relaxing)
 .debug_str     0x000038e5      0x7b9 build/stm32h7xx_hal.o
                               0x16ea (size before relaxing)
 .debug_str     0x0000409e       0x5b build/system_stm32h7xx_dualcore_boot_cm4_cm7.o
                                0x7c2 (size before relaxing)
 .debug_str     0x000040f9       0x36 build/startup_stm32h755xx_CM7.o
                                 0x89 (size before relaxing)

.comment        0x00000000       0x45
 .comment       0x00000000       0x45 build/main.o
                                 0x46 (size before relaxing)
 .comment       0x00000045       0x46 build/NRF24L01.o
 .comment       0x00000045       0x46 build/stm32h7xx_it.o
 .comment       0x00000045       0x46 build/stm32h7xx_hal_msp.o
 .comment       0x00000045       0x46 build/stm32h7xx_hal_cortex.o
 .comment       0x00000045       0x46 build/stm32h7xx_hal_spi.o
 .comment       0x00000045       0x46 build/stm32h7xx_hal_rcc.o
 .comment       0x00000045       0x46 build/stm32h7xx_hal_rcc_ex.o
 .comment       0x00000045       0x46 build/stm32h7xx_hal_gpio.o
 .comment       0x00000045       0x46 build/stm32h7xx_hal_hsem.o
 .comment       0x00000045       0x46 build/stm32h7xx_hal_pwr_ex.o
 .comment       0x00000045       0x46 build/stm32h7xx_hal.o
 .comment       0x00000045       0x46 build/system_stm32h7xx_dualcore_boot_cm4_cm7.o

.debug_frame    0x00000000     0x17f8
 .debug_frame   0x00000000       0x9c build/main.o
 .debug_frame   0x0000009c      0x1fc build/NRF24L01.o
 .debug_frame   0x00000298       0xa8 build/stm32h7xx_it.o
 .debug_frame   0x00000340       0x68 build/stm32h7xx_hal_msp.o
 .debug_frame   0x000003a8      0x1f4 build/stm32h7xx_hal_cortex.o
 .debug_frame   0x0000059c      0x4bc build/stm32h7xx_hal_spi.o
 .debug_frame   0x00000a58      0x18c build/stm32h7xx_hal_rcc.o
 .debug_frame   0x00000be4      0x294 build/stm32h7xx_hal_rcc_ex.o
 .debug_frame   0x00000e78       0xd4 build/stm32h7xx_hal_gpio.o
 .debug_frame   0x00000f4c       0xc8 build/stm32h7xx_hal_hsem.o
 .debug_frame   0x00001014      0x324 build/stm32h7xx_hal_pwr_ex.o
 .debug_frame   0x00001338      0x438 build/stm32h7xx_hal.o
 .debug_frame   0x00001770       0x3c build/system_stm32h7xx_dualcore_boot_cm4_cm7.o
 .debug_frame   0x000017ac       0x20 /Applications/ArmGNUToolchain/12.3.rel1/arm-none-eabi/bin/../lib/gcc/arm-none-eabi/12.3.1/../../../../arm-none-eabi/lib/thumb/v7e-m+dp/hard/libc_nano.a(libc_a-memset.o)
 .debug_frame   0x000017cc       0x2c /Applications/ArmGNUToolchain/12.3.rel1/arm-none-eabi/bin/../lib/gcc/arm-none-eabi/12.3.1/../../../../arm-none-eabi/lib/thumb/v7e-m+dp/hard/libc_nano.a(libc_a-init.o)

Cross Reference Table

Symbol                                            File
ADC3_IRQHandler                                   build/startup_stm32h755xx_CM7.o
ADC_IRQHandler                                    build/startup_stm32h755xx_CM7.o
BDMA_Channel0_IRQHandler                          build/startup_stm32h755xx_CM7.o
BDMA_Channel1_IRQHandler                          build/startup_stm32h755xx_CM7.o
BDMA_Channel2_IRQHandler                          build/startup_stm32h755xx_CM7.o
BDMA_Channel3_IRQHandler                          build/startup_stm32h755xx_CM7.o
BDMA_Channel4_IRQHandler                          build/startup_stm32h755xx_CM7.o
BDMA_Channel5_IRQHandler                          build/startup_stm32h755xx_CM7.o
BDMA_Channel6_IRQHandler                          build/startup_stm32h755xx_CM7.o
BDMA_Channel7_IRQHandler                          build/startup_stm32h755xx_CM7.o
BusFault_Handler                                  build/stm32h7xx_it.o
CEC_IRQHandler                                    build/startup_stm32h755xx_CM7.o
CE_Disable                                        build/NRF24L01.o
CE_Enable                                         build/NRF24L01.o
CM4_SEV_IRQHandler                                build/startup_stm32h755xx_CM7.o
CM7_SEV_IRQHandler                                build/startup_stm32h755xx_CM7.o
COMP1_IRQHandler                                  build/startup_stm32h755xx_CM7.o
CRS_IRQHandler                                    build/startup_stm32h755xx_CM7.o
CRYP_IRQHandler                                   build/startup_stm32h755xx_CM7.o
CS_Select                                         build/NRF24L01.o
CS_UnSelect                                       build/NRF24L01.o
D1CorePrescTable                                  build/system_stm32h7xx_dualcore_boot_cm4_cm7.o
                                                  build/stm32h7xx_hal.o
                                                  build/stm32h7xx_hal_rcc_ex.o
                                                  build/stm32h7xx_hal_rcc.o
DCMI_IRQHandler                                   build/startup_stm32h755xx_CM7.o
DFSDM1_FLT0_IRQHandler                            build/startup_stm32h755xx_CM7.o
DFSDM1_FLT1_IRQHandler                            build/startup_stm32h755xx_CM7.o
DFSDM1_FLT2_IRQHandler                            build/startup_stm32h755xx_CM7.o
DFSDM1_FLT3_IRQHandler                            build/startup_stm32h755xx_CM7.o
DMA1_Stream0_IRQHandler                           build/startup_stm32h755xx_CM7.o
DMA1_Stream1_IRQHandler                           build/startup_stm32h755xx_CM7.o
DMA1_Stream2_IRQHandler                           build/startup_stm32h755xx_CM7.o
DMA1_Stream3_IRQHandler                           build/startup_stm32h755xx_CM7.o
DMA1_Stream4_IRQHandler                           build/startup_stm32h755xx_CM7.o
DMA1_Stream5_IRQHandler                           build/startup_stm32h755xx_CM7.o
DMA1_Stream6_IRQHandler                           build/startup_stm32h755xx_CM7.o
DMA1_Stream7_IRQHandler                           build/startup_stm32h755xx_CM7.o
DMA2D_IRQHandler                                  build/startup_stm32h755xx_CM7.o
DMA2_Stream0_IRQHandler                           build/startup_stm32h755xx_CM7.o
DMA2_Stream1_IRQHandler                           build/startup_stm32h755xx_CM7.o
DMA2_Stream2_IRQHandler                           build/startup_stm32h755xx_CM7.o
DMA2_Stream3_IRQHandler                           build/startup_stm32h755xx_CM7.o
DMA2_Stream4_IRQHandler                           build/startup_stm32h755xx_CM7.o
DMA2_Stream5_IRQHandler                           build/startup_stm32h755xx_CM7.o
DMA2_Stream6_IRQHandler                           build/startup_stm32h755xx_CM7.o
DMA2_Stream7_IRQHandler                           build/startup_stm32h755xx_CM7.o
DMAMUX1_OVR_IRQHandler                            build/startup_stm32h755xx_CM7.o
DMAMUX2_OVR_IRQHandler                            build/startup_stm32h755xx_CM7.o
DebugMon_Handler                                  build/stm32h7xx_it.o
Default_Handler                                   build/startup_stm32h755xx_CM7.o
ECC_IRQHandler                                    build/startup_stm32h755xx_CM7.o
ETH_IRQHandler                                    build/startup_stm32h755xx_CM7.o
ETH_WKUP_IRQHandler                               build/startup_stm32h755xx_CM7.o
EXTI0_IRQHandler                                  build/startup_stm32h755xx_CM7.o
EXTI15_10_IRQHandler                              build/startup_stm32h755xx_CM7.o
EXTI1_IRQHandler                                  build/startup_stm32h755xx_CM7.o
EXTI2_IRQHandler                                  build/startup_stm32h755xx_CM7.o
EXTI3_IRQHandler                                  build/startup_stm32h755xx_CM7.o
EXTI4_IRQHandler                                  build/startup_stm32h755xx_CM7.o
EXTI9_5_IRQHandler                                build/startup_stm32h755xx_CM7.o
Error_Handler                                     build/main.o
                                                  build/stm32h7xx_hal_msp.o
FDCAN1_IT0_IRQHandler                             build/startup_stm32h755xx_CM7.o
FDCAN1_IT1_IRQHandler                             build/startup_stm32h755xx_CM7.o
FDCAN2_IT0_IRQHandler                             build/startup_stm32h755xx_CM7.o
FDCAN2_IT1_IRQHandler                             build/startup_stm32h755xx_CM7.o
FDCAN_CAL_IRQHandler                              build/startup_stm32h755xx_CM7.o
FLASH_CRC_WaitForLastOperation                    build/stm32h7xx_hal_flash.o
                                                  build/stm32h7xx_hal_flash_ex.o
FLASH_Erase_Sector                                build/stm32h7xx_hal_flash_ex.o
                                                  build/stm32h7xx_hal_flash.o
FLASH_IRQHandler                                  build/startup_stm32h755xx_CM7.o
FLASH_OB_WaitForLastOperation                     build/stm32h7xx_hal_flash.o
                                                  build/stm32h7xx_hal_flash_ex.o
FLASH_WaitForLastOperation                        build/stm32h7xx_hal_flash.o
                                                  build/stm32h7xx_hal_flash_ex.o
FMC_IRQHandler                                    build/startup_stm32h755xx_CM7.o
FPU_IRQHandler                                    build/startup_stm32h755xx_CM7.o
HAL_DBGMCU_DisableDBGSleepMode                    build/stm32h7xx_hal.o
HAL_DBGMCU_DisableDBGStandbyMode                  build/stm32h7xx_hal.o
HAL_DBGMCU_DisableDBGStopMode                     build/stm32h7xx_hal.o
HAL_DBGMCU_EnableDBGSleepMode                     build/stm32h7xx_hal.o
HAL_DBGMCU_EnableDBGStandbyMode                   build/stm32h7xx_hal.o
HAL_DBGMCU_EnableDBGStopMode                      build/stm32h7xx_hal.o
HAL_DMAEx_ChangeMemory                            build/stm32h7xx_hal_dma_ex.o
HAL_DMAEx_ConfigMuxRequestGenerator               build/stm32h7xx_hal_dma_ex.o
HAL_DMAEx_ConfigMuxSync                           build/stm32h7xx_hal_dma_ex.o
HAL_DMAEx_DisableMuxRequestGenerator              build/stm32h7xx_hal_dma_ex.o
HAL_DMAEx_EnableMuxRequestGenerator               build/stm32h7xx_hal_dma_ex.o
HAL_DMAEx_MUX_IRQHandler                          build/stm32h7xx_hal_dma_ex.o
HAL_DMAEx_MultiBufferStart                        build/stm32h7xx_hal_dma_ex.o
HAL_DMAEx_MultiBufferStart_IT                     build/stm32h7xx_hal_dma_ex.o
HAL_DMA_Abort                                     build/stm32h7xx_hal_dma.o
                                                  build/stm32h7xx_hal_spi.o
HAL_DMA_Abort_IT                                  build/stm32h7xx_hal_dma.o
                                                  build/stm32h7xx_hal_i2c.o
                                                  build/stm32h7xx_hal_spi.o
HAL_DMA_DeInit                                    build/stm32h7xx_hal_dma.o
HAL_DMA_GetError                                  build/stm32h7xx_hal_dma.o
                                                  build/stm32h7xx_hal_i2c.o
                                                  build/stm32h7xx_hal_spi.o
HAL_DMA_GetState                                  build/stm32h7xx_hal_dma.o
                                                  build/stm32h7xx_hal_i2c.o
HAL_DMA_IRQHandler                                build/stm32h7xx_hal_dma.o
HAL_DMA_Init                                      build/stm32h7xx_hal_dma.o
HAL_DMA_PollForTransfer                           build/stm32h7xx_hal_dma.o
HAL_DMA_RegisterCallback                          build/stm32h7xx_hal_dma.o
HAL_DMA_Start                                     build/stm32h7xx_hal_dma.o
HAL_DMA_Start_IT                                  build/stm32h7xx_hal_dma.o
                                                  build/stm32h7xx_hal_i2c.o
                                                  build/stm32h7xx_hal_spi.o
HAL_DMA_UnRegisterCallback                        build/stm32h7xx_hal_dma.o
HAL_DeInit                                        build/stm32h7xx_hal.o
HAL_Delay                                         build/stm32h7xx_hal.o
                                                  build/NRF24L01.o
                                                  build/main.o
HAL_DisableCompensationCell                       build/stm32h7xx_hal.o
HAL_DisableDomain2DBGSleepMode                    build/stm32h7xx_hal.o
HAL_DisableDomain2DBGStandbyMode                  build/stm32h7xx_hal.o
HAL_DisableDomain2DBGStopMode                     build/stm32h7xx_hal.o
HAL_EXTI_ClearConfigLine                          build/stm32h7xx_hal_exti.o
HAL_EXTI_ClearPending                             build/stm32h7xx_hal_exti.o
HAL_EXTI_D1_ClearFlag                             build/stm32h7xx_hal.o
HAL_EXTI_D1_EventInputConfig                      build/stm32h7xx_hal.o
HAL_EXTI_D2_ClearFlag                             build/stm32h7xx_hal.o
HAL_EXTI_D2_EventInputConfig                      build/stm32h7xx_hal.o
HAL_EXTI_D3_EventInputConfig                      build/stm32h7xx_hal.o
HAL_EXTI_EdgeConfig                               build/stm32h7xx_hal.o
HAL_EXTI_GenerateSWI                              build/stm32h7xx_hal_exti.o
HAL_EXTI_GenerateSWInterrupt                      build/stm32h7xx_hal.o
HAL_EXTI_GetConfigLine                            build/stm32h7xx_hal_exti.o
HAL_EXTI_GetHandle                                build/stm32h7xx_hal_exti.o
HAL_EXTI_GetPending                               build/stm32h7xx_hal_exti.o
HAL_EXTI_IRQHandler                               build/stm32h7xx_hal_exti.o
HAL_EXTI_RegisterCallback                         build/stm32h7xx_hal_exti.o
HAL_EXTI_SetConfigLine                            build/stm32h7xx_hal_exti.o
HAL_EnableCompensationCell                        build/stm32h7xx_hal.o
HAL_EnableDomain2DBGSleepMode                     build/stm32h7xx_hal.o
HAL_EnableDomain2DBGStandbyMode                   build/stm32h7xx_hal.o
HAL_EnableDomain2DBGStopMode                      build/stm32h7xx_hal.o
HAL_FLASHEx_ComputeCRC                            build/stm32h7xx_hal_flash_ex.o
HAL_FLASHEx_Erase                                 build/stm32h7xx_hal_flash_ex.o
HAL_FLASHEx_Erase_IT                              build/stm32h7xx_hal_flash_ex.o
HAL_FLASHEx_Lock_Bank1                            build/stm32h7xx_hal_flash_ex.o
HAL_FLASHEx_Lock_Bank2                            build/stm32h7xx_hal_flash_ex.o
HAL_FLASHEx_OBGetConfig                           build/stm32h7xx_hal_flash_ex.o
HAL_FLASHEx_OBProgram                             build/stm32h7xx_hal_flash_ex.o
HAL_FLASHEx_Unlock_Bank1                          build/stm32h7xx_hal_flash_ex.o
HAL_FLASHEx_Unlock_Bank2                          build/stm32h7xx_hal_flash_ex.o
HAL_FLASH_EndOfOperationCallback                  build/stm32h7xx_hal_flash.o
HAL_FLASH_GetError                                build/stm32h7xx_hal_flash.o
HAL_FLASH_IRQHandler                              build/stm32h7xx_hal_flash.o
HAL_FLASH_Lock                                    build/stm32h7xx_hal_flash.o
HAL_FLASH_OB_Launch                               build/stm32h7xx_hal_flash.o
HAL_FLASH_OB_Lock                                 build/stm32h7xx_hal_flash.o
HAL_FLASH_OB_Unlock                               build/stm32h7xx_hal_flash.o
HAL_FLASH_OperationErrorCallback                  build/stm32h7xx_hal_flash.o
HAL_FLASH_Program                                 build/stm32h7xx_hal_flash.o
HAL_FLASH_Program_IT                              build/stm32h7xx_hal_flash.o
HAL_FLASH_Unlock                                  build/stm32h7xx_hal_flash.o
HAL_GPIO_DeInit                                   build/stm32h7xx_hal_gpio.o
                                                  build/stm32h7xx_hal_msp.o
HAL_GPIO_EXTI_Callback                            build/stm32h7xx_hal_gpio.o
HAL_GPIO_EXTI_IRQHandler                          build/stm32h7xx_hal_gpio.o
HAL_GPIO_Init                                     build/stm32h7xx_hal_gpio.o
                                                  build/stm32h7xx_hal_rcc.o
                                                  build/stm32h7xx_hal_msp.o
                                                  build/main.o
HAL_GPIO_LockPin                                  build/stm32h7xx_hal_gpio.o
HAL_GPIO_ReadPin                                  build/stm32h7xx_hal_gpio.o
HAL_GPIO_TogglePin                                build/stm32h7xx_hal_gpio.o
                                                  build/main.o
HAL_GPIO_WritePin                                 build/stm32h7xx_hal_gpio.o
                                                  build/NRF24L01.o
                                                  build/main.o
HAL_GetCurrentCPUID                               build/stm32h7xx_hal_cortex.o
                                                  build/stm32h7xx_hal_exti.o
                                                  build/stm32h7xx_hal_pwr_ex.o
                                                  build/stm32h7xx_hal_pwr.o
HAL_GetDEVID                                      build/stm32h7xx_hal.o
HAL_GetFMCMemorySwappingConfig                    build/stm32h7xx_hal.o
HAL_GetHalVersion                                 build/stm32h7xx_hal.o
HAL_GetREVID                                      build/stm32h7xx_hal.o
                                                  build/stm32h7xx_hal_rcc_ex.o
                                                  build/stm32h7xx_hal_rcc.o
HAL_GetTick                                       build/stm32h7xx_hal.o
                                                  build/stm32h7xx_hal_i2c.o
                                                  build/stm32h7xx_hal_pwr_ex.o
                                                  build/stm32h7xx_hal_mdma.o
                                                  build/stm32h7xx_hal_dma.o
                                                  build/stm32h7xx_hal_flash.o
                                                  build/stm32h7xx_hal_rcc_ex.o
                                                  build/stm32h7xx_hal_rcc.o
                                                  build/stm32h7xx_hal_spi.o
HAL_GetTickFreq                                   build/stm32h7xx_hal.o
HAL_GetTickPrio                                   build/stm32h7xx_hal.o
HAL_GetUIDw0                                      build/stm32h7xx_hal.o
HAL_GetUIDw1                                      build/stm32h7xx_hal.o
HAL_GetUIDw2                                      build/stm32h7xx_hal.o
HAL_HSEM_ActivateNotification                     build/stm32h7xx_hal_hsem.o
HAL_HSEM_DeactivateNotification                   build/stm32h7xx_hal_hsem.o
HAL_HSEM_FastTake                                 build/stm32h7xx_hal_hsem.o
                                                  build/main.o
HAL_HSEM_FreeCallback                             build/stm32h7xx_hal_hsem.o
HAL_HSEM_GetClearKey                              build/stm32h7xx_hal_hsem.o
HAL_HSEM_IRQHandler                               build/stm32h7xx_hal_hsem.o
HAL_HSEM_IsSemTaken                               build/stm32h7xx_hal_hsem.o
HAL_HSEM_Release                                  build/stm32h7xx_hal_hsem.o
                                                  build/main.o
HAL_HSEM_ReleaseAll                               build/stm32h7xx_hal_hsem.o
HAL_HSEM_SetClearKey                              build/stm32h7xx_hal_hsem.o
HAL_HSEM_Take                                     build/stm32h7xx_hal_hsem.o
HAL_I2CEx_ConfigAnalogFilter                      build/stm32h7xx_hal_i2c_ex.o
HAL_I2CEx_ConfigDigitalFilter                     build/stm32h7xx_hal_i2c_ex.o
HAL_I2CEx_DisableFastModePlus                     build/stm32h7xx_hal_i2c_ex.o
HAL_I2CEx_DisableWakeUp                           build/stm32h7xx_hal_i2c_ex.o
HAL_I2CEx_EnableFastModePlus                      build/stm32h7xx_hal_i2c_ex.o
HAL_I2CEx_EnableWakeUp                            build/stm32h7xx_hal_i2c_ex.o
HAL_I2C_AbortCpltCallback                         build/stm32h7xx_hal_i2c.o
HAL_I2C_AddrCallback                              build/stm32h7xx_hal_i2c.o
HAL_I2C_DeInit                                    build/stm32h7xx_hal_i2c.o
HAL_I2C_DisableListen_IT                          build/stm32h7xx_hal_i2c.o
HAL_I2C_ER_IRQHandler                             build/stm32h7xx_hal_i2c.o
HAL_I2C_EV_IRQHandler                             build/stm32h7xx_hal_i2c.o
HAL_I2C_EnableListen_IT                           build/stm32h7xx_hal_i2c.o
HAL_I2C_ErrorCallback                             build/stm32h7xx_hal_i2c.o
HAL_I2C_GetError                                  build/stm32h7xx_hal_i2c.o
HAL_I2C_GetMode                                   build/stm32h7xx_hal_i2c.o
HAL_I2C_GetState                                  build/stm32h7xx_hal_i2c.o
HAL_I2C_Init                                      build/stm32h7xx_hal_i2c.o
HAL_I2C_IsDeviceReady                             build/stm32h7xx_hal_i2c.o
HAL_I2C_ListenCpltCallback                        build/stm32h7xx_hal_i2c.o
HAL_I2C_MasterRxCpltCallback                      build/stm32h7xx_hal_i2c.o
HAL_I2C_MasterTxCpltCallback                      build/stm32h7xx_hal_i2c.o
HAL_I2C_Master_Abort_IT                           build/stm32h7xx_hal_i2c.o
HAL_I2C_Master_Receive                            build/stm32h7xx_hal_i2c.o
HAL_I2C_Master_Receive_DMA                        build/stm32h7xx_hal_i2c.o
HAL_I2C_Master_Receive_IT                         build/stm32h7xx_hal_i2c.o
HAL_I2C_Master_Seq_Receive_DMA                    build/stm32h7xx_hal_i2c.o
HAL_I2C_Master_Seq_Receive_IT                     build/stm32h7xx_hal_i2c.o
HAL_I2C_Master_Seq_Transmit_DMA                   build/stm32h7xx_hal_i2c.o
HAL_I2C_Master_Seq_Transmit_IT                    build/stm32h7xx_hal_i2c.o
HAL_I2C_Master_Transmit                           build/stm32h7xx_hal_i2c.o
HAL_I2C_Master_Transmit_DMA                       build/stm32h7xx_hal_i2c.o
HAL_I2C_Master_Transmit_IT                        build/stm32h7xx_hal_i2c.o
HAL_I2C_MemRxCpltCallback                         build/stm32h7xx_hal_i2c.o
HAL_I2C_MemTxCpltCallback                         build/stm32h7xx_hal_i2c.o
HAL_I2C_Mem_Read                                  build/stm32h7xx_hal_i2c.o
HAL_I2C_Mem_Read_DMA                              build/stm32h7xx_hal_i2c.o
HAL_I2C_Mem_Read_IT                               build/stm32h7xx_hal_i2c.o
HAL_I2C_Mem_Write                                 build/stm32h7xx_hal_i2c.o
HAL_I2C_Mem_Write_DMA                             build/stm32h7xx_hal_i2c.o
HAL_I2C_Mem_Write_IT                              build/stm32h7xx_hal_i2c.o
HAL_I2C_MspDeInit                                 build/stm32h7xx_hal_i2c.o
HAL_I2C_MspInit                                   build/stm32h7xx_hal_i2c.o
HAL_I2C_SlaveRxCpltCallback                       build/stm32h7xx_hal_i2c.o
HAL_I2C_SlaveTxCpltCallback                       build/stm32h7xx_hal_i2c.o
HAL_I2C_Slave_Receive                             build/stm32h7xx_hal_i2c.o
HAL_I2C_Slave_Receive_DMA                         build/stm32h7xx_hal_i2c.o
HAL_I2C_Slave_Receive_IT                          build/stm32h7xx_hal_i2c.o
HAL_I2C_Slave_Seq_Receive_DMA                     build/stm32h7xx_hal_i2c.o
HAL_I2C_Slave_Seq_Receive_IT                      build/stm32h7xx_hal_i2c.o
HAL_I2C_Slave_Seq_Transmit_DMA                    build/stm32h7xx_hal_i2c.o
HAL_I2C_Slave_Seq_Transmit_IT                     build/stm32h7xx_hal_i2c.o
HAL_I2C_Slave_Transmit                            build/stm32h7xx_hal_i2c.o
HAL_I2C_Slave_Transmit_DMA                        build/stm32h7xx_hal_i2c.o
HAL_I2C_Slave_Transmit_IT                         build/stm32h7xx_hal_i2c.o
HAL_IncTick                                       build/stm32h7xx_hal.o
                                                  build/stm32h7xx_it.o
HAL_Init                                          build/stm32h7xx_hal.o
                                                  build/main.o
HAL_InitTick                                      build/stm32h7xx_hal.o
                                                  build/stm32h7xx_hal_rcc.o
HAL_MDMA_Abort                                    build/stm32h7xx_hal_mdma.o
HAL_MDMA_Abort_IT                                 build/stm32h7xx_hal_mdma.o
HAL_MDMA_ConfigPostRequestMask                    build/stm32h7xx_hal_mdma.o
HAL_MDMA_DeInit                                   build/stm32h7xx_hal_mdma.o
HAL_MDMA_GenerateSWRequest                        build/stm32h7xx_hal_mdma.o
HAL_MDMA_GetError                                 build/stm32h7xx_hal_mdma.o
HAL_MDMA_GetState                                 build/stm32h7xx_hal_mdma.o
HAL_MDMA_IRQHandler                               build/stm32h7xx_hal_mdma.o
HAL_MDMA_Init                                     build/stm32h7xx_hal_mdma.o
HAL_MDMA_LinkedList_AddNode                       build/stm32h7xx_hal_mdma.o
HAL_MDMA_LinkedList_CreateNode                    build/stm32h7xx_hal_mdma.o
HAL_MDMA_LinkedList_DisableCircularMode           build/stm32h7xx_hal_mdma.o
HAL_MDMA_LinkedList_EnableCircularMode            build/stm32h7xx_hal_mdma.o
HAL_MDMA_LinkedList_RemoveNode                    build/stm32h7xx_hal_mdma.o
HAL_MDMA_PollForTransfer                          build/stm32h7xx_hal_mdma.o
HAL_MDMA_RegisterCallback                         build/stm32h7xx_hal_mdma.o
HAL_MDMA_Start                                    build/stm32h7xx_hal_mdma.o
HAL_MDMA_Start_IT                                 build/stm32h7xx_hal_mdma.o
HAL_MDMA_UnRegisterCallback                       build/stm32h7xx_hal_mdma.o
HAL_MPU_ConfigRegion                              build/stm32h7xx_hal_cortex.o
HAL_MPU_Disable                                   build/stm32h7xx_hal_cortex.o
HAL_MPU_Enable                                    build/stm32h7xx_hal_cortex.o
HAL_MspDeInit                                     build/stm32h7xx_hal.o
HAL_MspInit                                       build/stm32h7xx_hal_msp.o
HAL_NVIC_ClearPendingIRQ                          build/stm32h7xx_hal_cortex.o
HAL_NVIC_DisableIRQ                               build/stm32h7xx_hal_cortex.o
HAL_NVIC_EnableIRQ                                build/stm32h7xx_hal_cortex.o
HAL_NVIC_GetActive                                build/stm32h7xx_hal_cortex.o
HAL_NVIC_GetPendingIRQ                            build/stm32h7xx_hal_cortex.o
HAL_NVIC_GetPriority                              build/stm32h7xx_hal_cortex.o
HAL_NVIC_GetPriorityGrouping                      build/stm32h7xx_hal_cortex.o
HAL_NVIC_SetPendingIRQ                            build/stm32h7xx_hal_cortex.o
HAL_NVIC_SetPriority                              build/stm32h7xx_hal_cortex.o
                                                  build/stm32h7xx_hal.o
HAL_NVIC_SetPriorityGrouping                      build/stm32h7xx_hal_cortex.o
                                                  build/stm32h7xx_hal.o
HAL_NVIC_SystemReset                              build/stm32h7xx_hal_cortex.o
HAL_PWREx_AVDCallback                             build/stm32h7xx_hal_pwr_ex.o
HAL_PWREx_ClearDomainFlags                        build/stm32h7xx_hal_pwr_ex.o
HAL_PWREx_ClearPendingEvent                       build/stm32h7xx_hal_pwr_ex.o
HAL_PWREx_ClearWakeupFlag                         build/stm32h7xx_hal_pwr_ex.o
HAL_PWREx_ConfigAVD                               build/stm32h7xx_hal_pwr_ex.o
HAL_PWREx_ConfigD3Domain                          build/stm32h7xx_hal_pwr_ex.o
HAL_PWREx_ConfigSupply                            build/stm32h7xx_hal_pwr_ex.o
                                                  build/main.o
HAL_PWREx_ControlStopModeVoltageScaling           build/stm32h7xx_hal_pwr_ex.o
HAL_PWREx_ControlVoltageScaling                   build/stm32h7xx_hal_pwr_ex.o
HAL_PWREx_DisableAVD                              build/stm32h7xx_hal_pwr_ex.o
HAL_PWREx_DisableBatteryCharging                  build/stm32h7xx_hal_pwr_ex.o
HAL_PWREx_DisableBkUpReg                          build/stm32h7xx_hal_pwr_ex.o
HAL_PWREx_DisableFlashPowerDown                   build/stm32h7xx_hal_pwr_ex.o
HAL_PWREx_DisableMonitoring                       build/stm32h7xx_hal_pwr_ex.o
HAL_PWREx_DisableUSBReg                           build/stm32h7xx_hal_pwr_ex.o
HAL_PWREx_DisableUSBVoltageDetector               build/stm32h7xx_hal_pwr_ex.o
HAL_PWREx_DisableWakeUpPin                        build/stm32h7xx_hal_pwr_ex.o
HAL_PWREx_EnableAVD                               build/stm32h7xx_hal_pwr_ex.o
HAL_PWREx_EnableBatteryCharging                   build/stm32h7xx_hal_pwr_ex.o
HAL_PWREx_EnableBkUpReg                           build/stm32h7xx_hal_pwr_ex.o
HAL_PWREx_EnableFlashPowerDown                    build/stm32h7xx_hal_pwr_ex.o
HAL_PWREx_EnableMonitoring                        build/stm32h7xx_hal_pwr_ex.o
HAL_PWREx_EnableUSBReg                            build/stm32h7xx_hal_pwr_ex.o
HAL_PWREx_EnableUSBVoltageDetector                build/stm32h7xx_hal_pwr_ex.o
HAL_PWREx_EnableWakeUpPin                         build/stm32h7xx_hal_pwr_ex.o
HAL_PWREx_EnterSTANDBYMode                        build/stm32h7xx_hal_pwr_ex.o
HAL_PWREx_EnterSTOPMode                           build/stm32h7xx_hal_pwr_ex.o
HAL_PWREx_GetStopModeVoltageRange                 build/stm32h7xx_hal_pwr_ex.o
HAL_PWREx_GetSupplyConfig                         build/stm32h7xx_hal_pwr_ex.o
HAL_PWREx_GetTemperatureLevel                     build/stm32h7xx_hal_pwr_ex.o
HAL_PWREx_GetVBATLevel                            build/stm32h7xx_hal_pwr_ex.o
HAL_PWREx_GetVoltageRange                         build/stm32h7xx_hal_pwr_ex.o
HAL_PWREx_GetWakeupFlag                           build/stm32h7xx_hal_pwr_ex.o
HAL_PWREx_HoldCore                                build/stm32h7xx_hal_pwr_ex.o
HAL_PWREx_PVD_AVD_IRQHandler                      build/stm32h7xx_hal_pwr_ex.o
HAL_PWREx_ReleaseCore                             build/stm32h7xx_hal_pwr_ex.o
HAL_PWREx_WAKEUP_PIN_IRQHandler                   build/stm32h7xx_hal_pwr_ex.o
HAL_PWREx_WKUP1_Callback                          build/stm32h7xx_hal_pwr_ex.o
HAL_PWREx_WKUP2_Callback                          build/stm32h7xx_hal_pwr_ex.o
HAL_PWREx_WKUP3_Callback                          build/stm32h7xx_hal_pwr_ex.o
HAL_PWREx_WKUP4_Callback                          build/stm32h7xx_hal_pwr_ex.o
HAL_PWREx_WKUP5_Callback                          build/stm32h7xx_hal_pwr_ex.o
HAL_PWREx_WKUP6_Callback                          build/stm32h7xx_hal_pwr_ex.o
HAL_PWR_ConfigPVD                                 build/stm32h7xx_hal_pwr.o
HAL_PWR_DeInit                                    build/stm32h7xx_hal_pwr.o
HAL_PWR_DisableBkUpAccess                         build/stm32h7xx_hal_pwr.o
HAL_PWR_DisablePVD                                build/stm32h7xx_hal_pwr.o
HAL_PWR_DisableSEVOnPend                          build/stm32h7xx_hal_pwr.o
HAL_PWR_DisableSleepOnExit                        build/stm32h7xx_hal_pwr.o
HAL_PWR_DisableWakeUpPin                          build/stm32h7xx_hal_pwr.o
HAL_PWR_EnableBkUpAccess                          build/stm32h7xx_hal_pwr.o
HAL_PWR_EnablePVD                                 build/stm32h7xx_hal_pwr.o
HAL_PWR_EnableSEVOnPend                           build/stm32h7xx_hal_pwr.o
HAL_PWR_EnableSleepOnExit                         build/stm32h7xx_hal_pwr.o
HAL_PWR_EnableWakeUpPin                           build/stm32h7xx_hal_pwr.o
HAL_PWR_EnterSLEEPMode                            build/stm32h7xx_hal_pwr.o
HAL_PWR_EnterSTANDBYMode                          build/stm32h7xx_hal_pwr.o
HAL_PWR_EnterSTOPMode                             build/stm32h7xx_hal_pwr.o
HAL_PWR_PVDCallback                               build/stm32h7xx_hal_pwr.o
                                                  build/stm32h7xx_hal_pwr_ex.o
HAL_PWR_PVD_IRQHandler                            build/stm32h7xx_hal_pwr.o
HAL_RCCEx_CRSConfig                               build/stm32h7xx_hal_rcc_ex.o
HAL_RCCEx_CRSGetSynchronizationInfo               build/stm32h7xx_hal_rcc_ex.o
HAL_RCCEx_CRSSoftwareSynchronizationGenerate      build/stm32h7xx_hal_rcc_ex.o
HAL_RCCEx_CRSWaitSynchronization                  build/stm32h7xx_hal_rcc_ex.o
HAL_RCCEx_CRS_ErrorCallback                       build/stm32h7xx_hal_rcc_ex.o
HAL_RCCEx_CRS_ExpectedSyncCallback                build/stm32h7xx_hal_rcc_ex.o
HAL_RCCEx_CRS_IRQHandler                          build/stm32h7xx_hal_rcc_ex.o
HAL_RCCEx_CRS_SyncOkCallback                      build/stm32h7xx_hal_rcc_ex.o
HAL_RCCEx_CRS_SyncWarnCallback                    build/stm32h7xx_hal_rcc_ex.o
HAL_RCCEx_DisableLSECSS                           build/stm32h7xx_hal_rcc_ex.o
HAL_RCCEx_EnableBootCore                          build/stm32h7xx_hal_rcc_ex.o
HAL_RCCEx_EnableLSECSS                            build/stm32h7xx_hal_rcc_ex.o
HAL_RCCEx_EnableLSECSS_IT                         build/stm32h7xx_hal_rcc_ex.o
HAL_RCCEx_GetD1PCLK1Freq                          build/stm32h7xx_hal_rcc_ex.o
HAL_RCCEx_GetD1SysClockFreq                       build/stm32h7xx_hal_rcc_ex.o
HAL_RCCEx_GetD3PCLK1Freq                          build/stm32h7xx_hal_rcc_ex.o
HAL_RCCEx_GetPLL1ClockFreq                        build/stm32h7xx_hal_rcc_ex.o
HAL_RCCEx_GetPLL2ClockFreq                        build/stm32h7xx_hal_rcc_ex.o
HAL_RCCEx_GetPLL3ClockFreq                        build/stm32h7xx_hal_rcc_ex.o
HAL_RCCEx_GetPeriphCLKConfig                      build/stm32h7xx_hal_rcc_ex.o
HAL_RCCEx_GetPeriphCLKFreq                        build/stm32h7xx_hal_rcc_ex.o
HAL_RCCEx_KerWakeUpStopCLKConfig                  build/stm32h7xx_hal_rcc_ex.o
HAL_RCCEx_LSECSS_Callback                         build/stm32h7xx_hal_rcc_ex.o
HAL_RCCEx_LSECSS_IRQHandler                       build/stm32h7xx_hal_rcc_ex.o
HAL_RCCEx_PeriphCLKConfig                         build/stm32h7xx_hal_rcc_ex.o
                                                  build/stm32h7xx_hal_msp.o
HAL_RCCEx_WWDGxSysResetConfig                     build/stm32h7xx_hal_rcc_ex.o
HAL_RCCEx_WakeUpStopCLKConfig                     build/stm32h7xx_hal_rcc_ex.o
HAL_RCC_CSSCallback                               build/stm32h7xx_hal_rcc.o
HAL_RCC_ClockConfig                               build/stm32h7xx_hal_rcc.o
                                                  build/main.o
HAL_RCC_DeInit                                    build/stm32h7xx_hal_rcc.o
HAL_RCC_DisableCSS                                build/stm32h7xx_hal_rcc.o
HAL_RCC_EnableCSS                                 build/stm32h7xx_hal_rcc.o
HAL_RCC_GetClockConfig                            build/stm32h7xx_hal_rcc.o
HAL_RCC_GetHCLKFreq                               build/stm32h7xx_hal_rcc.o
                                                  build/stm32h7xx_hal_rcc_ex.o
HAL_RCC_GetOscConfig                              build/stm32h7xx_hal_rcc.o
HAL_RCC_GetPCLK1Freq                              build/stm32h7xx_hal_rcc.o
                                                  build/stm32h7xx_hal_rcc_ex.o
HAL_RCC_GetPCLK2Freq                              build/stm32h7xx_hal_rcc.o
HAL_RCC_GetSysClockFreq                           build/stm32h7xx_hal_rcc.o
                                                  build/stm32h7xx_hal.o
                                                  build/stm32h7xx_hal_rcc_ex.o
HAL_RCC_MCOConfig                                 build/stm32h7xx_hal_rcc.o
HAL_RCC_NMI_IRQHandler                            build/stm32h7xx_hal_rcc.o
HAL_RCC_OscConfig                                 build/stm32h7xx_hal_rcc.o
                                                  build/main.o
HAL_ResumeTick                                    build/stm32h7xx_hal.o
HAL_SPIEx_ConfigureUnderrun                       build/stm32h7xx_hal_spi_ex.o
HAL_SPIEx_EnableLockConfiguration                 build/stm32h7xx_hal_spi_ex.o
HAL_SPIEx_FlushRxFifo                             build/stm32h7xx_hal_spi_ex.o
HAL_SPI_Abort                                     build/stm32h7xx_hal_spi.o
HAL_SPI_AbortCpltCallback                         build/stm32h7xx_hal_spi.o
HAL_SPI_Abort_IT                                  build/stm32h7xx_hal_spi.o
HAL_SPI_DMAPause                                  build/stm32h7xx_hal_spi.o
HAL_SPI_DMAResume                                 build/stm32h7xx_hal_spi.o
HAL_SPI_DMAStop                                   build/stm32h7xx_hal_spi.o
HAL_SPI_DeInit                                    build/stm32h7xx_hal_spi.o
HAL_SPI_ErrorCallback                             build/stm32h7xx_hal_spi.o
HAL_SPI_GetError                                  build/stm32h7xx_hal_spi.o
HAL_SPI_GetState                                  build/stm32h7xx_hal_spi.o
HAL_SPI_IRQHandler                                build/stm32h7xx_hal_spi.o
HAL_SPI_Init                                      build/stm32h7xx_hal_spi.o
                                                  build/main.o
HAL_SPI_MspDeInit                                 build/stm32h7xx_hal_msp.o
HAL_SPI_MspInit                                   build/stm32h7xx_hal_msp.o
HAL_SPI_Receive                                   build/stm32h7xx_hal_spi.o
                                                  build/NRF24L01.o
HAL_SPI_Receive_DMA                               build/stm32h7xx_hal_spi.o
HAL_SPI_Receive_IT                                build/stm32h7xx_hal_spi.o
HAL_SPI_RxCpltCallback                            build/stm32h7xx_hal_spi.o
HAL_SPI_RxHalfCpltCallback                        build/stm32h7xx_hal_spi.o
HAL_SPI_SuspendCallback                           build/stm32h7xx_hal_spi.o
HAL_SPI_Transmit                                  build/stm32h7xx_hal_spi.o
                                                  build/NRF24L01.o
HAL_SPI_TransmitReceive                           build/stm32h7xx_hal_spi.o
HAL_SPI_TransmitReceive_DMA                       build/stm32h7xx_hal_spi.o
HAL_SPI_TransmitReceive_IT                        build/stm32h7xx_hal_spi.o
HAL_SPI_Transmit_DMA                              build/stm32h7xx_hal_spi.o
HAL_SPI_Transmit_IT                               build/stm32h7xx_hal_spi.o
HAL_SPI_TxCpltCallback                            build/stm32h7xx_hal_spi.o
HAL_SPI_TxHalfCpltCallback                        build/stm32h7xx_hal_spi.o
HAL_SPI_TxRxCpltCallback                          build/stm32h7xx_hal_spi.o
HAL_SPI_TxRxHalfCpltCallback                      build/stm32h7xx_hal_spi.o
HAL_SYSCFG_AnalogSwitchConfig                     build/stm32h7xx_hal.o
HAL_SYSCFG_CM4BootAddConfig                       build/stm32h7xx_hal.o
HAL_SYSCFG_CM7BootAddConfig                       build/stm32h7xx_hal.o
HAL_SYSCFG_CompensationCodeConfig                 build/stm32h7xx_hal.o
HAL_SYSCFG_CompensationCodeSelect                 build/stm32h7xx_hal.o
HAL_SYSCFG_DisableBOOST                           build/stm32h7xx_hal.o
HAL_SYSCFG_DisableCM4BOOT                         build/stm32h7xx_hal.o
HAL_SYSCFG_DisableCM7BOOT                         build/stm32h7xx_hal.o
HAL_SYSCFG_DisableIOSpeedOptimize                 build/stm32h7xx_hal.o
HAL_SYSCFG_DisableVREFBUF                         build/stm32h7xx_hal.o
HAL_SYSCFG_ETHInterfaceSelect                     build/stm32h7xx_hal.o
HAL_SYSCFG_EnableBOOST                            build/stm32h7xx_hal.o
HAL_SYSCFG_EnableCM4BOOT                          build/stm32h7xx_hal.o
HAL_SYSCFG_EnableCM7BOOT                          build/stm32h7xx_hal.o
HAL_SYSCFG_EnableIOSpeedOptimize                  build/stm32h7xx_hal.o
HAL_SYSCFG_EnableVREFBUF                          build/stm32h7xx_hal.o
HAL_SYSCFG_VREFBUF_HighImpedanceConfig            build/stm32h7xx_hal.o
HAL_SYSCFG_VREFBUF_TrimmingConfig                 build/stm32h7xx_hal.o
HAL_SYSCFG_VREFBUF_VoltageScalingConfig           build/stm32h7xx_hal.o
HAL_SYSTICK_CLKSourceConfig                       build/stm32h7xx_hal_cortex.o
HAL_SYSTICK_Callback                              build/stm32h7xx_hal_cortex.o
HAL_SYSTICK_Config                                build/stm32h7xx_hal_cortex.o
                                                  build/stm32h7xx_hal.o
HAL_SYSTICK_IRQHandler                            build/stm32h7xx_hal_cortex.o
HAL_SetFMCMemorySwappingConfig                    build/stm32h7xx_hal.o
HAL_SetTickFreq                                   build/stm32h7xx_hal.o
HAL_SuspendTick                                   build/stm32h7xx_hal.o
HASH_RNG_IRQHandler                               build/startup_stm32h755xx_CM7.o
HOLD_CORE_IRQHandler                              build/startup_stm32h755xx_CM7.o
HRTIM1_FLT_IRQHandler                             build/startup_stm32h755xx_CM7.o
HRTIM1_Master_IRQHandler                          build/startup_stm32h755xx_CM7.o
HRTIM1_TIMA_IRQHandler                            build/startup_stm32h755xx_CM7.o
HRTIM1_TIMB_IRQHandler                            build/startup_stm32h755xx_CM7.o
HRTIM1_TIMC_IRQHandler                            build/startup_stm32h755xx_CM7.o
HRTIM1_TIMD_IRQHandler                            build/startup_stm32h755xx_CM7.o
HRTIM1_TIME_IRQHandler                            build/startup_stm32h755xx_CM7.o
HSEM1_IRQHandler                                  build/startup_stm32h755xx_CM7.o
HSEM2_IRQHandler                                  build/startup_stm32h755xx_CM7.o
HardFault_Handler                                 build/stm32h7xx_it.o
I2C1_ER_IRQHandler                                build/startup_stm32h755xx_CM7.o
I2C1_EV_IRQHandler                                build/startup_stm32h755xx_CM7.o
I2C2_ER_IRQHandler                                build/startup_stm32h755xx_CM7.o
I2C2_EV_IRQHandler                                build/startup_stm32h755xx_CM7.o
I2C3_ER_IRQHandler                                build/startup_stm32h755xx_CM7.o
I2C3_EV_IRQHandler                                build/startup_stm32h755xx_CM7.o
I2C4_ER_IRQHandler                                build/startup_stm32h755xx_CM7.o
I2C4_EV_IRQHandler                                build/startup_stm32h755xx_CM7.o
JPEG_IRQHandler                                   build/startup_stm32h755xx_CM7.o
LPTIM1_IRQHandler                                 build/startup_stm32h755xx_CM7.o
LPTIM2_IRQHandler                                 build/startup_stm32h755xx_CM7.o
LPTIM3_IRQHandler                                 build/startup_stm32h755xx_CM7.o
LPTIM4_IRQHandler                                 build/startup_stm32h755xx_CM7.o
LPTIM5_IRQHandler                                 build/startup_stm32h755xx_CM7.o
LPUART1_IRQHandler                                build/startup_stm32h755xx_CM7.o
LTDC_ER_IRQHandler                                build/startup_stm32h755xx_CM7.o
LTDC_IRQHandler                                   build/startup_stm32h755xx_CM7.o
MDIOS_IRQHandler                                  build/startup_stm32h755xx_CM7.o
MDIOS_WKUP_IRQHandler                             build/startup_stm32h755xx_CM7.o
MDMA_IRQHandler                                   build/startup_stm32h755xx_CM7.o
MemManage_Handler                                 build/stm32h7xx_it.o
NMI_Handler                                       build/stm32h7xx_it.o
NRF24_Init                                        build/NRF24L01.o
                                                  build/main.o
NRF24_ReadAll                                     build/NRF24L01.o
NRF24_Receive                                     build/NRF24L01.o
NRF24_RxMode                                      build/NRF24L01.o
NRF24_Transmit                                    build/NRF24L01.o
                                                  build/main.o
NRF24_TxMode                                      build/NRF24L01.o
                                                  build/main.o
OTG_FS_EP1_IN_IRQHandler                          build/startup_stm32h755xx_CM7.o
OTG_FS_EP1_OUT_IRQHandler                         build/startup_stm32h755xx_CM7.o
OTG_FS_IRQHandler                                 build/startup_stm32h755xx_CM7.o
OTG_FS_WKUP_IRQHandler                            build/startup_stm32h755xx_CM7.o
OTG_HS_EP1_IN_IRQHandler                          build/startup_stm32h755xx_CM7.o
OTG_HS_EP1_OUT_IRQHandler                         build/startup_stm32h755xx_CM7.o
OTG_HS_IRQHandler                                 build/startup_stm32h755xx_CM7.o
OTG_HS_WKUP_IRQHandler                            build/startup_stm32h755xx_CM7.o
PVD_AVD_IRQHandler                                build/startup_stm32h755xx_CM7.o
PendSV_Handler                                    build/stm32h7xx_it.o
QUADSPI_IRQHandler                                build/startup_stm32h755xx_CM7.o
RCC_IRQHandler                                    build/startup_stm32h755xx_CM7.o
RTC_Alarm_IRQHandler                              build/startup_stm32h755xx_CM7.o
RTC_WKUP_IRQHandler                               build/startup_stm32h755xx_CM7.o
Reset_Handler                                     build/startup_stm32h755xx_CM7.o
SAI1_IRQHandler                                   build/startup_stm32h755xx_CM7.o
SAI2_IRQHandler                                   build/startup_stm32h755xx_CM7.o
SAI3_IRQHandler                                   build/startup_stm32h755xx_CM7.o
SAI4_IRQHandler                                   build/startup_stm32h755xx_CM7.o
SDMMC1_IRQHandler                                 build/startup_stm32h755xx_CM7.o
SDMMC2_IRQHandler                                 build/startup_stm32h755xx_CM7.o
SPDIF_RX_IRQHandler                               build/startup_stm32h755xx_CM7.o
SPI1_IRQHandler                                   build/startup_stm32h755xx_CM7.o
SPI2_IRQHandler                                   build/startup_stm32h755xx_CM7.o
SPI3_IRQHandler                                   build/startup_stm32h755xx_CM7.o
SPI4_IRQHandler                                   build/startup_stm32h755xx_CM7.o
SPI5_IRQHandler                                   build/startup_stm32h755xx_CM7.o
SPI6_IRQHandler                                   build/startup_stm32h755xx_CM7.o
SVC_Handler                                       build/stm32h7xx_it.o
SWPMI1_IRQHandler                                 build/startup_stm32h755xx_CM7.o
SysTick_Handler                                   build/stm32h7xx_it.o
SystemClock_Config                                build/main.o
SystemCoreClock                                   build/system_stm32h7xx_dualcore_boot_cm4_cm7.o
                                                  build/stm32h7xx_hal.o
                                                  build/stm32h7xx_hal_mdma.o
                                                  build/stm32h7xx_hal_dma.o
                                                  build/stm32h7xx_hal_rcc_ex.o
                                                  build/stm32h7xx_hal_rcc.o
                                                  build/stm32h7xx_hal_spi.o
SystemCoreClockUpdate                             build/system_stm32h7xx_dualcore_boot_cm4_cm7.o
SystemD2Clock                                     build/system_stm32h7xx_dualcore_boot_cm4_cm7.o
                                                  build/stm32h7xx_hal.o
                                                  build/stm32h7xx_hal_rcc_ex.o
                                                  build/stm32h7xx_hal_rcc.o
SystemInit                                        build/system_stm32h7xx_dualcore_boot_cm4_cm7.o
                                                  build/startup_stm32h755xx_CM7.o
TAMP_STAMP_IRQHandler                             build/startup_stm32h755xx_CM7.o
TIM15_IRQHandler                                  build/startup_stm32h755xx_CM7.o
TIM16_IRQHandler                                  build/startup_stm32h755xx_CM7.o
TIM17_IRQHandler                                  build/startup_stm32h755xx_CM7.o
TIM1_BRK_IRQHandler                               build/startup_stm32h755xx_CM7.o
TIM1_CC_IRQHandler                                build/startup_stm32h755xx_CM7.o
TIM1_TRG_COM_IRQHandler                           build/startup_stm32h755xx_CM7.o
TIM1_UP_IRQHandler                                build/startup_stm32h755xx_CM7.o
TIM2_IRQHandler                                   build/startup_stm32h755xx_CM7.o
TIM3_IRQHandler                                   build/startup_stm32h755xx_CM7.o
TIM4_IRQHandler                                   build/startup_stm32h755xx_CM7.o
TIM5_IRQHandler                                   build/startup_stm32h755xx_CM7.o
TIM6_DAC_IRQHandler                               build/startup_stm32h755xx_CM7.o
TIM7_IRQHandler                                   build/startup_stm32h755xx_CM7.o
TIM8_BRK_TIM12_IRQHandler                         build/startup_stm32h755xx_CM7.o
TIM8_CC_IRQHandler                                build/startup_stm32h755xx_CM7.o
TIM8_TRG_COM_TIM14_IRQHandler                     build/startup_stm32h755xx_CM7.o
TIM8_UP_TIM13_IRQHandler                          build/startup_stm32h755xx_CM7.o
TxAddress                                         build/main.o
TxData                                            build/main.o
UART4_IRQHandler                                  build/startup_stm32h755xx_CM7.o
UART5_IRQHandler                                  build/startup_stm32h755xx_CM7.o
UART7_IRQHandler                                  build/startup_stm32h755xx_CM7.o
UART8_IRQHandler                                  build/startup_stm32h755xx_CM7.o
USART1_IRQHandler                                 build/startup_stm32h755xx_CM7.o
USART2_IRQHandler                                 build/startup_stm32h755xx_CM7.o
USART3_IRQHandler                                 build/startup_stm32h755xx_CM7.o
USART6_IRQHandler                                 build/startup_stm32h755xx_CM7.o
UsageFault_Handler                                build/stm32h7xx_it.o
WAKEUP_PIN_IRQHandler                             build/startup_stm32h755xx_CM7.o
WWDG_IRQHandler                                   build/startup_stm32h755xx_CM7.o
WWDG_RST_IRQHandler                               build/startup_stm32h755xx_CM7.o
_ITM_deregisterTMCloneTable                       /Applications/ArmGNUToolchain/12.3.rel1/arm-none-eabi/bin/../lib/gcc/arm-none-eabi/12.3.1/thumb/v7e-m+dp/hard/crtbegin.o
_ITM_registerTMCloneTable                         /Applications/ArmGNUToolchain/12.3.rel1/arm-none-eabi/bin/../lib/gcc/arm-none-eabi/12.3.1/thumb/v7e-m+dp/hard/crtbegin.o
__TMC_END__                                       /Applications/ArmGNUToolchain/12.3.rel1/arm-none-eabi/bin/../lib/gcc/arm-none-eabi/12.3.1/thumb/v7e-m+dp/hard/crtend.o
                                                  /Applications/ArmGNUToolchain/12.3.rel1/arm-none-eabi/bin/../lib/gcc/arm-none-eabi/12.3.1/thumb/v7e-m+dp/hard/crtbegin.o
__bss_end__                                       /Applications/ArmGNUToolchain/12.3.rel1/arm-none-eabi/bin/../lib/gcc/arm-none-eabi/12.3.1/../../../../arm-none-eabi/lib/thumb/v7e-m+dp/hard/crt0.o
__bss_start__                                     /Applications/ArmGNUToolchain/12.3.rel1/arm-none-eabi/bin/../lib/gcc/arm-none-eabi/12.3.1/../../../../arm-none-eabi/lib/thumb/v7e-m+dp/hard/crt0.o
__call_exitprocs                                  /Applications/ArmGNUToolchain/12.3.rel1/arm-none-eabi/bin/../lib/gcc/arm-none-eabi/12.3.1/../../../../arm-none-eabi/lib/thumb/v7e-m+dp/hard/libc_nano.a(libc_a-exit.o)
__deregister_frame_info                           /Applications/ArmGNUToolchain/12.3.rel1/arm-none-eabi/bin/../lib/gcc/arm-none-eabi/12.3.1/thumb/v7e-m+dp/hard/crtbegin.o
__dso_handle                                      /Applications/ArmGNUToolchain/12.3.rel1/arm-none-eabi/bin/../lib/gcc/arm-none-eabi/12.3.1/thumb/v7e-m+dp/hard/crtbegin.o
__fp_lock_all                                     /Applications/ArmGNUToolchain/12.3.rel1/arm-none-eabi/bin/../lib/gcc/arm-none-eabi/12.3.1/../../../../arm-none-eabi/lib/thumb/v7e-m+dp/hard/libc_nano.a(libc_a-findfp.o)
__fp_unlock_all                                   /Applications/ArmGNUToolchain/12.3.rel1/arm-none-eabi/bin/../lib/gcc/arm-none-eabi/12.3.1/../../../../arm-none-eabi/lib/thumb/v7e-m+dp/hard/libc_nano.a(libc_a-findfp.o)
__init_array_end                                  /Applications/ArmGNUToolchain/12.3.rel1/arm-none-eabi/bin/../lib/gcc/arm-none-eabi/12.3.1/../../../../arm-none-eabi/lib/thumb/v7e-m+dp/hard/libc_nano.a(libc_a-init.o)
__init_array_start                                /Applications/ArmGNUToolchain/12.3.rel1/arm-none-eabi/bin/../lib/gcc/arm-none-eabi/12.3.1/../../../../arm-none-eabi/lib/thumb/v7e-m+dp/hard/libc_nano.a(libc_a-init.o)
__libc_fini_array                                 /Applications/ArmGNUToolchain/12.3.rel1/arm-none-eabi/bin/../lib/gcc/arm-none-eabi/12.3.1/../../../../arm-none-eabi/lib/thumb/v7e-m+dp/hard/crt0.o
__libc_init_array                                 /Applications/ArmGNUToolchain/12.3.rel1/arm-none-eabi/bin/../lib/gcc/arm-none-eabi/12.3.1/../../../../arm-none-eabi/lib/thumb/v7e-m+dp/hard/libc_nano.a(libc_a-init.o)
                                                  build/startup_stm32h755xx_CM7.o
                                                  /Applications/ArmGNUToolchain/12.3.rel1/arm-none-eabi/bin/../lib/gcc/arm-none-eabi/12.3.1/../../../../arm-none-eabi/lib/thumb/v7e-m+dp/hard/crt0.o
__lock___arc4random_mutex                         /Applications/ArmGNUToolchain/12.3.rel1/arm-none-eabi/bin/../lib/gcc/arm-none-eabi/12.3.1/../../../../arm-none-eabi/lib/thumb/v7e-m+dp/hard/libc_nano.a(libc_a-lock.o)
__lock___at_quick_exit_mutex                      /Applications/ArmGNUToolchain/12.3.rel1/arm-none-eabi/bin/../lib/gcc/arm-none-eabi/12.3.1/../../../../arm-none-eabi/lib/thumb/v7e-m+dp/hard/libc_nano.a(libc_a-lock.o)
__lock___atexit_recursive_mutex                   /Applications/ArmGNUToolchain/12.3.rel1/arm-none-eabi/bin/../lib/gcc/arm-none-eabi/12.3.1/../../../../arm-none-eabi/lib/thumb/v7e-m+dp/hard/libc_nano.a(libc_a-lock.o)
__lock___dd_hash_mutex                            /Applications/ArmGNUToolchain/12.3.rel1/arm-none-eabi/bin/../lib/gcc/arm-none-eabi/12.3.1/../../../../arm-none-eabi/lib/thumb/v7e-m+dp/hard/libc_nano.a(libc_a-lock.o)
__lock___env_recursive_mutex                      /Applications/ArmGNUToolchain/12.3.rel1/arm-none-eabi/bin/../lib/gcc/arm-none-eabi/12.3.1/../../../../arm-none-eabi/lib/thumb/v7e-m+dp/hard/libc_nano.a(libc_a-lock.o)
__lock___malloc_recursive_mutex                   /Applications/ArmGNUToolchain/12.3.rel1/arm-none-eabi/bin/../lib/gcc/arm-none-eabi/12.3.1/../../../../arm-none-eabi/lib/thumb/v7e-m+dp/hard/libc_nano.a(libc_a-lock.o)
                                                  /Applications/ArmGNUToolchain/12.3.rel1/arm-none-eabi/bin/../lib/gcc/arm-none-eabi/12.3.1/../../../../arm-none-eabi/lib/thumb/v7e-m+dp/hard/libc_nano.a(libc_a-mlock.o)
__lock___sfp_recursive_mutex                      /Applications/ArmGNUToolchain/12.3.rel1/arm-none-eabi/bin/../lib/gcc/arm-none-eabi/12.3.1/../../../../arm-none-eabi/lib/thumb/v7e-m+dp/hard/libc_nano.a(libc_a-lock.o)
                                                  /Applications/ArmGNUToolchain/12.3.rel1/arm-none-eabi/bin/../lib/gcc/arm-none-eabi/12.3.1/../../../../arm-none-eabi/lib/thumb/v7e-m+dp/hard/libc_nano.a(libc_a-findfp.o)
__lock___tz_mutex                                 /Applications/ArmGNUToolchain/12.3.rel1/arm-none-eabi/bin/../lib/gcc/arm-none-eabi/12.3.1/../../../../arm-none-eabi/lib/thumb/v7e-m+dp/hard/libc_nano.a(libc_a-lock.o)
__malloc_free_list                                /Applications/ArmGNUToolchain/12.3.rel1/arm-none-eabi/bin/../lib/gcc/arm-none-eabi/12.3.1/../../../../arm-none-eabi/lib/thumb/v7e-m+dp/hard/libc_nano.a(libc_a-mallocr.o)
                                                  /Applications/ArmGNUToolchain/12.3.rel1/arm-none-eabi/bin/../lib/gcc/arm-none-eabi/12.3.1/../../../../arm-none-eabi/lib/thumb/v7e-m+dp/hard/libc_nano.a(libc_a-freer.o)
__malloc_lock                                     /Applications/ArmGNUToolchain/12.3.rel1/arm-none-eabi/bin/../lib/gcc/arm-none-eabi/12.3.1/../../../../arm-none-eabi/lib/thumb/v7e-m+dp/hard/libc_nano.a(libc_a-mlock.o)
                                                  /Applications/ArmGNUToolchain/12.3.rel1/arm-none-eabi/bin/../lib/gcc/arm-none-eabi/12.3.1/../../../../arm-none-eabi/lib/thumb/v7e-m+dp/hard/libc_nano.a(libc_a-freer.o)